ARM Linker, 5.03 [Build 76] [MDK-ARM Professional]

==============================================================================

Section Cross References

    main.o(.text) refers to _printf_pad.o(.text) for _printf_pre_padding
    main.o(.text) refers to _printf_percent.o(.ARM.Collect$$_printf_percent$$00000000) for _printf_percent
    main.o(.text) refers to _printf_x.o(.ARM.Collect$$_printf_percent$$0000000C) for _printf_x
    main.o(.text) refers to _printf_hex_int.o(.text) for _printf_longlong_hex
    main.o(.text) refers to delay.o(.text) for delay_ms
    main.o(.text) refers to whg.o(.text) for IWDG_Feed
    main.o(.text) refers to noretval__2printf.o(.text) for __2printf
    main.o(.text) refers to adc.o(.text) for Voice_Alarm_out
    main.o(.text) refers to analysis.o(.text) for CheckSpeedBit
    main.o(.text) refers to mc323.o(.text) for atk_8266_reset
    main.o(.text) refers to sys.o(.text) for sysset_save_para
    main.o(.text) refers to usart.o(.text) for Usart1CommandAnalysis
    main.o(.text) refers to os_core.o(.text) for OSStatInit
    main.o(.text) refers to os_cpu_a.o(.text) for OS_CPU_SR_Save
    main.o(.text) refers to os_task.o(.text) for OSTaskCreate
    main.o(.text) refers to power_drv.o(.text) for power_drv_init
    main.o(.text) refers to usart3.o(.text) for USART3_Init
    main.o(.text) refers to usart2.o(.text) for USART2_Init
    main.o(.text) refers to rc522.o(.text) for InitRc522
    main.o(.text) refers to analysis.o(.data) for DataBiteInfo
    main.o(.text) refers to sys.o(.data) for SystemDebug
    main.o(.text) refers to sys.o(.bss) for systemset
    main.o(.text) refers to analysis.o(.bss) for Hand_Data
    main.o(.text) refers to main.o(.bss) for USART1_TASK_STK
    system_stm32f10x.o(.text) refers to system_stm32f10x.o(.data) for SystemCoreClock
    myiic.o(.text) refers to stm32f10x_rcc.o(.text) for RCC_APB2PeriphClockCmd
    myiic.o(.text) refers to stm32f10x_gpio.o(.text) for GPIO_Init
    myiic.o(.text) refers to delay.o(.text) for delay_us
    mc323.o(.text) refers to _printf_percent.o(.ARM.Collect$$_printf_percent$$00000000) for _printf_percent
    mc323.o(.text) refers to _printf_s.o(.ARM.Collect$$_printf_percent$$00000014) for _printf_s
    mc323.o(.text) refers to _printf_str.o(.text) for _printf_str
    mc323.o(.text) refers to _printf_d.o(.ARM.Collect$$_printf_percent$$00000009) for _printf_d
    mc323.o(.text) refers to _printf_dec.o(.text) for _printf_int_dec
    mc323.o(.text) refers to noretval__2printf.o(.text) for __2printf
    mc323.o(.text) refers to stm32f10x_gpio.o(.text) for GPIO_SetBits
    mc323.o(.text) refers to delay.o(.text) for delay_ms
    mc323.o(.text) refers to strstr.o(.text) for strstr
    mc323.o(.text) refers to rt_memclr_w.o(.text) for __aeabi_memclr4
    mc323.o(.text) refers to noretval__2sprintf.o(.text) for __2sprintf
    mc323.o(.text) refers to os_cpu_a.o(.text) for OS_CPU_SR_Save
    mc323.o(.text) refers to usart2.o(.text) for USART2_CMD
    mc323.o(.text) refers to sys.o(.data) for SystemDebug
    mc323.o(.text) refers to usart2.o(.data) for USART2_RX_STA
    mc323.o(.text) refers to usart2.o(.bss) for USART2_RX_BUF
    mc323.o(.text) refers to mc323.o(.data) for wifiap_password
    mc323.o(.text) refers to sys.o(.bss) for systemset
    mc323.o(.text) refers to os_time.o(.text) for OSTimeDlyHMSM
    mc323.o(.text) refers to analysis.o(.text) for mid
    mc323.o(.data) refers to mc323.o(.conststring) for .conststring
    power_drv.o(.text) refers to stm32f10x_rcc.o(.text) for RCC_APB2PeriphClockCmd
    power_drv.o(.text) refers to stm32f10x_gpio.o(.text) for GPIO_Init
    power_drv.o(.text) refers to delay.o(.text) for delay_ms
    usart2.o(.text) refers to os_core.o(.text) for OSIntEnter
    usart2.o(.text) refers to analysis.o(.text) for dispose_wifi_cmd
    usart2.o(.text) refers to sys.o(.text) for MY_NVIC_Init
    usart2.o(.text) refers to stm32f10x_usart.o(.text) for USART_SendData
    usart2.o(.text) refers to rt_memclr_w.o(.text) for __aeabi_memclr4
    usart2.o(.text) refers to sys.o(.data) for IsOutOfData
    usart2.o(.text) refers to usart2.o(.data) for USART2_RX_STA
    usart2.o(.text) refers to usart2.o(.bss) for USART2_RX_BUF
    flash_in.o(.text) refers to stm32f10x_flash.o(.text) for FLASH_ProgramHalfWord
    flash_in.o(.text) refers to flash_in.o(.bss) for STMFLASH_BUF
    usart3.o(.text) refers to _printf_percent.o(.ARM.Collect$$_printf_percent$$00000000) for _printf_percent
    usart3.o(.text) refers to _printf_s.o(.ARM.Collect$$_printf_percent$$00000014) for _printf_s
    usart3.o(.text) refers to _printf_str.o(.text) for _printf_str
    usart3.o(.text) refers to _printf_pad.o(.text) for _printf_pre_padding
    usart3.o(.text) refers to _printf_x.o(.ARM.Collect$$_printf_percent$$0000000C) for _printf_x
    usart3.o(.text) refers to _printf_hex_int.o(.text) for _printf_longlong_hex
    usart3.o(.text) refers to stm32f10x_tim.o(.text) for TIM_SetCounter
[...]
    UsageFault_Handler                       0x0800073b   Thumb Code     4  stm32f10x_it.o(.text)
    SVC_Handler                              0x0800073f   Thumb Code     2  stm32f10x_it.o(.text)
    DebugMon_Handler                         0x08000741   Thumb Code     2  stm32f10x_it.o(.text)
    SystemInit                               0x08000821   Thumb Code    78  system_stm32f10x.o(.text)
    SystemCoreClockUpdate                    0x0800086f   Thumb Code   142  system_stm32f10x.o(.text)
    atk_8266_reset                           0x08000921   Thumb Code    60  mc323.o(.text)
    atk_8266_check_cmd                       0x0800095d   Thumb Code    44  mc323.o(.text)
    atk_8266_at_response                     0x08000989   Thumb Code    54  mc323.o(.text)
    atk_8266_send_cmd                        0x080009bf   Thumb Code   134  mc323.o(.text)
    atk_8266_quit_trans                      0x08000a45   Thumb Code    94  mc323.o(.text)
    atk_8266_consta_check                    0x08000aa3   Thumb Code    42  mc323.o(.text)
    atk_8266_apsta_check                     0x08000acd   Thumb Code    62  mc323.o(.text)
    atk_8266_get_wanip                       0x08000b0b   Thumb Code    58  mc323.o(.text)
    atk_8266_wifiap_init                     0x08000b45   Thumb Code   200  mc323.o(.text)
    atk_8266_wifiap_init2                    0x08000c0d   Thumb Code   204  mc323.o(.text)
    atk_8266_wifiap_conncet                  0x08000cd9   Thumb Code   494  mc323.o(.text)
    M35SendCmdCheckAck                       0x08000ec7   Thumb Code   108  mc323.o(.text)
    M35SendCmdCheckBufAck                    0x08000f33   Thumb Code   128  mc323.o(.text)
    atk_8266_sendData                        0x08000fb3   Thumb Code    62  mc323.o(.text)
    atk_8266DataCheckOK                      0x08000ff1   Thumb Code    46  mc323.o(.text)
    ProcessingTheirReply                     0x0800101f   Thumb Code    76  mc323.o(.text)
    waitforcenterrecall                      0x0800106b   Thumb Code    46  mc323.o(.text)
    Get_phone_num                            0x08001099   Thumb Code    20  mc323.o(.text)
    Get_sys_ip                               0x080010ad   Thumb Code    54  mc323.o(.text)
    send_mns_sucess                          0x080010e3   Thumb Code     2  mc323.o(.text)
    atk_8266_recive_data                     0x080010e5   Thumb Code    14  mc323.o(.text)
    atk_8266ReviceCheckOK                    0x080010f3   Thumb Code    46  mc323.o(.text)
    atk_8266ReviceInitOK                     0x08001121   Thumb Code    46  mc323.o(.text)
    atk_8266_wifista_init                    0x0800114f   Thumb Code   470  mc323.o(.text)
    Connect2Hand                             0x08001325   Thumb Code    88  mc323.o(.text)
    Conecet2TheHandFromUdp                   0x0800137d   Thumb Code    44  mc323.o(.text)
    atk_8266_CheckStatus                     0x080013a9   Thumb Code    62  mc323.o(.text)
    power_drv_init                           0x08001409   Thumb Code    78  power_drv.o(.text)
    ACC_Init                                 0x08001457   Thumb Code     2  power_drv.o(.text)
    Sound_drv_init                           0x08001459   Thumb Code    72  power_drv.o(.text)
    send_Alarm                               0x080014a1   Thumb Code   112  power_drv.o(.text)
    TIM4_Set                                 0x08001519   Thumb Code    44  usart2.o(.text)
    USART2_IRQHandler                        0x08001545   Thumb Code   206  usart2.o(.text)
    TIM4_Init                                0x08001613   Thumb Code    74  usart2.o(.text)
    USART2_Init                              0x0800165d   Thumb Code   190  usart2.o(.text)
    TIM4_IRQHandler                          0x0800171b   Thumb Code    58  usart2.o(.text)
    USART2_CMD                               0x08001755   Thumb Code    38  usart2.o(.text)
    USART2_DATA                              0x0800177b   Thumb Code    42  usart2.o(.text)
    Usart2CommandAnalysis                    0x080017a5   Thumb Code    60  usart2.o(.text)
    Usart2Command2Hex                        0x080017e1   Thumb Code    44  usart2.o(.text)
    STMFLASH_ReadHalfWord                    0x08001831   Thumb Code     6  flash_in.o(.text)
    STMFLASH_Write_NoCheck                   0x08001837   Thumb Code    38  flash_in.o(.text)
    STMFLASH_Read                            0x0800185d   Thumb Code    34  flash_in.o(.text)
    STMFLASH_Write                           0x0800187f   Thumb Code   222  flash_in.o(.text)
    Test_Write                               0x0800195d   Thumb Code    16  flash_in.o(.text)
    TIM2_Set                                 0x08001975   Thumb Code    38  usart3.o(.text)
    USART3_IRQHandler                        0x0800199b   Thumb Code    86  usart3.o(.text)
    TIM2_Init                                0x080019f1   Thumb Code    84  usart3.o(.text)
    USART3_Init                              0x08001a45   Thumb Code   186  usart3.o(.text)
    TIM2_IRQHandler                          0x08001aff   Thumb Code    40  usart3.o(.text)
    Usart3CommandAnalysis                    0x08001b27   Thumb Code    94  usart3.o(.text)
    Usart3Command2Hex                        0x08001b85   Thumb Code    72  usart3.o(.text)
    USART3_CMD                               0x08001bcd   Thumb Code    38  usart3.o(.text)
    USART3_DATA                              0x08001bf3   Thumb Code    42  usart3.o(.text)
    Adc_Init                                 0x08001c4d   Thumb Code   136  adc.o(.text)
    Get_Adc                                  0x08001cd5   Thumb Code    94  adc.o(.text)
    Get_Adc_Average                          0x08001d33   Thumb Code    46  adc.o(.text)
    Update_SysVol                            0x08001d61   Thumb Code   164  adc.o(.text)
    PWM_Init                                 0x08001e05   Thumb Code    78  adc.o(.text)
    TIM1_PWM_init                            0x08001e53   Thumb Code   118  adc.o(.text)
    moto_forward                             0x08001ec9   Thumb Code    14  adc.o(.text)
    moto_backward                            0x08001ed7   Thumb Code    52  adc.o(.text)
    moto_stop                                0x08001f0b   Thumb Code    20  adc.o(.text)
    moto_break                               0x08001f1f   Thumb Code    20  adc.o(.text)
    change_speed2frequency                   0x08001f33   Thumb Code    86  adc.o(.text)
    moto_move                                0x08001f89   Thumb Code    42  adc.o(.text)
    Voice_Alarm_out                          0x08001fb3   Thumb Code    74  adc.o(.text)
    IWDG_Init                                0x0800201d   Thumb Code    36  whg.o(.text)
    IWDG_Feed                                0x08002041   Thumb Code     8  whg.o(.text)
    SPI1_Init                                0x08002049   Thumb Code   122  spi.o(.text)
    SPI1_SetSpeed                            0x080020c3   Thumb Code    36  spi.o(.text)
    SPI1_ReadWriteByte                       0x080020e7   Thumb Code    50  spi.o(.text)
    delay_ns                                 0x08002121   Thumb Code    18  rc522.o(.text)
    SPIWriteByte                             0x08002133   Thumb Code    12  rc522.o(.text)
    Rc522GpioInit                            0x0800213f   Thumb Code    70  rc522.o(.text)
    WriteRawRC                               0x08002185   Thumb Code    42  rc522.o(.text)
    ReadRawRC                                0x080021af   Thumb Code    50  rc522.o(.text)
    SetBitMask                               0x080021e1   Thumb Code    28  rc522.o(.text)
    PcdAntennaOn                             0x080021fd   Thumb Code    26  rc522.o(.text)
    ClearBitMask                             0x08002217   Thumb Code    28  rc522.o(.text)
    M500PcdConfigISOType                     0x08002233   Thumb Code    94  rc522.o(.text)
    PcdAntennaOff                            0x08002291   Thumb Code    12  rc522.o(.text)
    PcdReset                                 0x0800229d   Thumb Code   118  rc522.o(.text)
    InitRc522                                0x08002313   Thumb Code    36  rc522.o(.text)
    Reset_RC522                              0x08002337   Thumb Code    22  rc522.o(.text)
    PcdComMF522                              0x0800234d   Thumb Code   314  rc522.o(.text)
    PcdRequest                               0x08002487   Thumb Code    86  rc522.o(.text)
    PcdAnticoll                              0x080024dd   Thumb Code   120  rc522.o(.text)
    CalulateCRC                              0x08002555   Thumb Code   106  rc522.o(.text)
    PcdSelect                                0x080025bf   Thumb Code   116  rc522.o(.text)
    PcdAuthState                             0x08002633   Thumb Code    86  rc522.o(.text)
    PcdRead                                  0x08002689   Thumb Code    86  rc522.o(.text)
    PcdWrite                                 0x080026df   Thumb Code   150  rc522.o(.text)
    PcdHalt                                  0x08002775   Thumb Code    52  rc522.o(.text)
    PcdValue                                 0x080027a9   Thumb Code   188  rc522.o(.text)
    PcdBakValue                              0x08002865   Thumb Code   202  rc522.o(.text)
    Rc522Test                                0x0800292f   Thumb Code   104  rc522.o(.text)
    SysTick_Handler                          0x08002a0d   Thumb Code    16  delay.o(.text)
    delay_init                               0x08002a1d   Thumb Code    76  delay.o(.text)
    delay_us                                 0x08002a69   Thumb Code    70  delay.o(.text)
    delay_ms                                 0x08002aaf   Thumb Code    62  delay.o(.text)
    NVIC_Configuration                       0x08002b01   Thumb Code    12  sys.o(.text)
    MY_NVIC_SetVectorTable                   0x08002b0d   Thumb Code    12  sys.o(.text)
    MY_NVIC_PriorityGroupConfig              0x08002b19   Thumb Code    36  sys.o(.text)
    MY_NVIC_Init                             0x08002b3d   Thumb Code   116  sys.o(.text)
    Ex_NVIC_Config                           0x08002bb1   Thumb Code   146  sys.o(.text)
    MYRCC_DeInit                             0x08002c43   Thumb Code    90  sys.o(.text)
    Sys_Standby                              0x08002c9d   Thumb Code    68  sys.o(.text)
    Sys_Soft_Reset                           0x08002ce1   Thumb Code    12  sys.o(.text)
    JTAG_Set                                 0x08002ced   Thumb Code    42  sys.o(.text)
    Stm32_Clock_Init                         0x08002d17   Thumb Code   130  sys.o(.text)
    mymemset                                 0x08002d99   Thumb Code    20  sys.o(.text)
    sysset_read_para                         0x08002dad   Thumb Code    16  sys.o(.text)
    sysset_save_para                         0x08002dbd   Thumb Code    30  sys.o(.text)
    SYS_Parameter_Init                       0x08002ddb   Thumb Code   178  sys.o(.text)
    Update_All                               0x08002e8d   Thumb Code     2  sys.o(.text)
    _sys_exit                                0x08002f8d   Thumb Code     6  usart.o(.text)
    fputc                                    0x08002f93   Thumb Code    22  usart.o(.text)
    USART1_IRQHandler                        0x08002fa9   Thumb Code   128  usart.o(.text)
    uart_init                                0x08003029   Thumb Code   214  usart.o(.text)
    Get_Str_Use                              0x080030ff   Thumb Code    32  usart.o(.text)
    Get_Str2_Use                             0x0800311f   Thumb Code    56  usart.o(.text)
    User_Command_Analysis                    0x08003157   Thumb Code   364  usart.o(.text)
    Usart1CommandAnalysis                    0x080032c3   Thumb Code    86  usart.o(.text)
    dateDiff                                 0x08003465   Thumb Code   372  analysis.o(.text)
    leapYear                                 0x080035d9   Thumb Code    50  analysis.o(.text)
    getNewDate                               0x0800360b   Thumb Code   322  analysis.o(.text)
    mid                                      0x0800374d   Thumb Code    78  analysis.o(.text)
    Dec2Hex                                  0x0800379b   Thumb Code    34  analysis.o(.text)
    Hex2Dec                                  0x080037bd   Thumb Code    34  analysis.o(.text)
    DataCore                                 0x080037df   Thumb Code    26  analysis.o(.text)
    SXProtoco_CRC16                          0x080037f9   Thumb Code    16  analysis.o(.text)
    RePayUP_CarData                          0x08003809   Thumb Code    52  analysis.o(.text)
    ReReg_CarData                            0x0800383d   Thumb Code    90  analysis.o(.text)
    change_rail                              0x08003897   Thumb Code     2  analysis.o(.text)
    dispose_wifi_cmd                         0x08003899   Thumb Code   304  analysis.o(.text)
    SaveUsnamePswd                           0x080039c9   Thumb Code    56  analysis.o(.text)
    RegSucess                                0x08003a01   Thumb Code    64  analysis.o(.text)
    CheckSpeedBit                            0x08003a41   Thumb Code   108  analysis.o(.text)
    Reset_Handler                            0x08003ab9   Thumb Code     8  startup_stm32f10x_md.o(.text)
    ADC1_2_IRQHandler                        0x08003ad3   Thumb Code     0  startup_stm32f10x_md.o(.text)
    CAN1_RX1_IRQHandler                      0x08003ad3   Thumb Code     0  startup_stm32f10x_md.o(.text)
    CAN1_SCE_IRQHandler                      0x08003ad3   Thumb Code     0  startup_stm32f10x_md.o(.text)
    DMA1_Channel1_IRQHandler                 0x08003ad3   Thumb Code     0  startup_stm32f10x_md.o(.text)
    DMA1_Channel2_IRQHandler                 0x08003ad3   Thumb Code     0  startup_stm32f10x_md.o(.text)
    DMA1_Channel3_IRQHandler                 0x08003ad3   Thumb Code     0  startup_stm32f10x_md.o(.text)
    DMA1_Channel4_IRQHandler                 0x08003ad3   Thumb Code     0  startup_stm32f10x_md.o(.text)
    DMA1_Channel5_IRQHandler                 0x08003ad3   Thumb Code     0  startup_stm32f10x_md.o(.text)
    DMA1_Channel6_IRQHandler                 0x08003ad3   Thumb Code     0  startup_stm32f10x_md.o(.text)
    DMA1_Channel7_IRQHandler                 0x08003ad3   Thumb Code     0  startup_stm32f10x_md.o(.text)
    EXTI0_IRQHandler                         0x08003ad3   Thumb Code     0  startup_stm32f10x_md.o(.text)
    EXTI15_10_IRQHandler                     0x08003ad3   Thumb Code     0  startup_stm32f10x_md.o(.text)
    EXTI1_IRQHandler                         0x08003ad3   Thumb Code     0  startup_stm32f10x_md.o(.text)
    EXTI2_IRQHandler                         0x08003ad3   Thumb Code     0  startup_stm32f10x_md.o(.text)
    EXTI3_IRQHandler                         0x08003ad3   Thumb Code     0  startup_stm32f10x_md.o(.text)
    EXTI4_IRQHandler                         0x08003ad3   Thumb Code     0  startup_stm32f10x_md.o(.text)
    EXTI9_5_IRQHandler                       0x08003ad3   Thumb Code     0  startup_stm32f10x_md.o(.text)
    FLASH_IRQHandler                         0x08003ad3   Thumb Code     0  startup_stm32f10x_md.o(.text)
    I2C1_ER_IRQHandler                       0x08003ad3   Thumb Code     0  startup_stm32f10x_md.o(.text)
    I2C1_EV_IRQHandler                       0x08003ad3   Thumb Code     0  startup_stm32f10x_md.o(.text)
    I2C2_ER_IRQHandler                       0x08003ad3   Thumb Code     0  startup_stm32f10x_md.o(.text)
    I2C2_EV_IRQHandler                       0x08003ad3   Thumb Code     0  startup_stm32f10x_md.o(.text)
    PVD_IRQHandler                           0x08003ad3   Thumb Code     0  startup_stm32f10x_md.o(.text)
    RCC_IRQHandler                           0x08003ad3   Thumb Code     0  startup_stm32f10x_md.o(.text)
    RTCAlarm_IRQHandler                      0x08003ad3   Thumb Code     0  startup_stm32f10x_md.o(.text)
    RTC_IRQHandler                           0x08003ad3   Thumb Code     0  startup_stm32f10x_md.o(.text)
    SPI1_IRQHandler                          0x08003ad3   Thumb Code     0  startup_stm32f10x_md.o(.text)
    SPI2_IRQHandler                          0x08003ad3   Thumb Code     0  startup_stm32f10x_md.o(.text)
    TAMPER_IRQHandler                        0x08003ad3   Thumb Code     0  startup_stm32f10x_md.o(.text)
    TIM1_BRK_IRQHandler                      0x08003ad3   Thumb Code     0  startup_stm32f10x_md.o(.text)
    TIM1_CC_IRQHandler                       0x08003ad3   Thumb Code     0  startup_stm32f10x_md.o(.text)
    TIM1_TRG_COM_IRQHandler                  0x08003ad3   Thumb Code     0  startup_stm32f10x_md.o(.text)
    TIM1_UP_IRQHandler                       0x08003ad3   Thumb Code     0  startup_stm32f10x_md.o(.text)
    TIM3_IRQHandler                          0x08003ad3   Thumb Code     0  startup_stm32f10x_md.o(.text)
    USBWakeUp_IRQHandler                     0x08003ad3   Thumb Code     0  startup_stm32f10x_md.o(.text)
    USB_HP_CAN1_TX_IRQHandler                0x08003ad3   Thumb Code     0  startup_stm32f10x_md.o(.text)
    USB_LP_CAN1_RX0_IRQHandler               0x08003ad3   Thumb Code     0  startup_stm32f10x_md.o(.text)
    WWDG_IRQHandler                          0x08003ad3   Thumb Code     0  startup_stm32f10x_md.o(.text)
    __user_initial_stackheap                 0x08003ad5   Thumb Code     0  startup_stm32f10x_md.o(.text)
    NVIC_PriorityGroupConfig                 0x08003af9   Thumb Code    10  misc.o(.text)
    NVIC_Init                                0x08003b03   Thumb Code   102  misc.o(.text)
    NVIC_SetVectorTable                      0x08003b69   Thumb Code    14  misc.o(.text)
    NVIC_SystemLPConfig                      0x08003b77   Thumb Code    34  misc.o(.text)
    SysTick_CLKSourceConfig                  0x08003b99   Thumb Code    40  misc.o(.text)
    GPIO_DeInit                              0x08003bd5   Thumb Code   172  stm32f10x_gpio.o(.text)
    GPIO_AFIODeInit                          0x08003c81   Thumb Code    20  stm32f10x_gpio.o(.text)
    GPIO_Init                                0x08003c95   Thumb Code   274  stm32f10x_gpio.o(.text)
    GPIO_StructInit                          0x08003da7   Thumb Code    16  stm32f10x_gpio.o(.text)
    GPIO_ReadInputDataBit                    0x08003db7   Thumb Code    18  stm32f10x_gpio.o(.text)
    GPIO_ReadInputData                       0x08003dc9   Thumb Code     8  stm32f10x_gpio.o(.text)
    GPIO_ReadOutputDataBit                   0x08003dd1   Thumb Code    18  stm32f10x_gpio.o(.text)
    GPIO_ReadOutputData                      0x08003de3   Thumb Code     8  stm32f10x_gpio.o(.text)
    GPIO_SetBits                             0x08003deb   Thumb Code     4  stm32f10x_gpio.o(.text)
    GPIO_ResetBits                           0x08003def   Thumb Code     4  stm32f10x_gpio.o(.text)
    GPIO_WriteBit                            0x08003df3   Thumb Code    10  stm32f10x_gpio.o(.text)
    GPIO_Write                               0x08003dfd   Thumb Code     4  stm32f10x_gpio.o(.text)
    GPIO_PinLockConfig                       0x08003e01   Thumb Code    18  stm32f10x_gpio.o(.text)
    GPIO_EventOutputConfig                   0x08003e13   Thumb Code    26  stm32f10x_gpio.o(.text)
    GPIO_EventOutputCmd                      0x08003e2d   Thumb Code     6  stm32f10x_gpio.o(.text)
    GPIO_PinRemapConfig                      0x08003e33   Thumb Code   138  stm32f10x_gpio.o(.text)
    GPIO_EXTILineConfig                      0x08003ebd   Thumb Code    66  stm32f10x_gpio.o(.text)
    GPIO_ETH_MediaInterfaceConfig            0x08003eff   Thumb Code     6  stm32f10x_gpio.o(.text)
    RCC_DeInit                               0x08003f2d   Thumb Code    64  stm32f10x_rcc.o(.text)
    RCC_HSEConfig                            0x08003f6d   Thumb Code    70  stm32f10x_rcc.o(.text)
    RCC_GetFlagStatus                        0x08003fb3   Thumb Code    56  stm32f10x_rcc.o(.text)
    RCC_WaitForHSEStartUp                    0x08003feb   Thumb Code    56  stm32f10x_rcc.o(.text)
    RCC_AdjustHSICalibrationValue            0x08004023   Thumb Code    20  stm32f10x_rcc.o(.text)
    RCC_HSICmd                               0x08004037   Thumb Code     6  stm32f10x_rcc.o(.text)
    RCC_PLLConfig                            0x0800403d   Thumb Code    24  stm32f10x_rcc.o(.text)
    RCC_PLLCmd                               0x08004055   Thumb Code     6  stm32f10x_rcc.o(.text)
    RCC_SYSCLKConfig                         0x0800405b   Thumb Code    18  stm32f10x_rcc.o(.text)
    RCC_GetSYSCLKSource                      0x0800406d   Thumb Code    10  stm32f10x_rcc.o(.text)
    RCC_HCLKConfig                           0x08004077   Thumb Code    18  stm32f10x_rcc.o(.text)
    RCC_PCLK1Config                          0x08004089   Thumb Code    18  stm32f10x_rcc.o(.text)
    RCC_PCLK2Config                          0x0800409b   Thumb Code    20  stm32f10x_rcc.o(.text)
    RCC_ITConfig                             0x080040af   Thumb Code    26  stm32f10x_rcc.o(.text)
    RCC_USBCLKConfig                         0x080040c9   Thumb Code     6  stm32f10x_rcc.o(.text)
    RCC_ADCCLKConfig                         0x080040cf   Thumb Code    18  stm32f10x_rcc.o(.text)
    RCC_LSEConfig                            0x080040e1   Thumb Code    44  stm32f10x_rcc.o(.text)
    RCC_LSICmd                               0x0800410d   Thumb Code     6  stm32f10x_rcc.o(.text)
    RCC_RTCCLKConfig                         0x08004113   Thumb Code    12  stm32f10x_rcc.o(.text)
    RCC_RTCCLKCmd                            0x0800411f   Thumb Code     8  stm32f10x_rcc.o(.text)
    RCC_GetClocksFreq                        0x08004127   Thumb Code   192  stm32f10x_rcc.o(.text)
    RCC_AHBPeriphClockCmd                    0x080041e7   Thumb Code    26  stm32f10x_rcc.o(.text)
    RCC_APB2PeriphClockCmd                   0x08004201   Thumb Code    26  stm32f10x_rcc.o(.text)
    RCC_APB1PeriphClockCmd                   0x0800421b   Thumb Code    26  stm32f10x_rcc.o(.text)
    RCC_APB2PeriphResetCmd                   0x08004235   Thumb Code    26  stm32f10x_rcc.o(.text)
    RCC_APB1PeriphResetCmd                   0x0800424f   Thumb Code    26  stm32f10x_rcc.o(.text)
    RCC_BackupResetCmd                       0x08004269   Thumb Code     8  stm32f10x_rcc.o(.text)
    RCC_ClockSecuritySystemCmd               0x08004271   Thumb Code     6  stm32f10x_rcc.o(.text)
    RCC_MCOConfig                            0x08004277   Thumb Code     6  stm32f10x_rcc.o(.text)
    RCC_ClearFlag                            0x0800427d   Thumb Code    14  stm32f10x_rcc.o(.text)
    RCC_GetITStatus                          0x0800428b   Thumb Code    20  stm32f10x_rcc.o(.text)
    RCC_ClearITPendingBit                    0x0800429f   Thumb Code     6  stm32f10x_rcc.o(.text)
    SPI_I2S_DeInit                           0x080042d1   Thumb Code    76  stm32f10x_spi.o(.text)
    SPI_Init                                 0x0800431d   Thumb Code    60  stm32f10x_spi.o(.text)
    I2S_Init                                 0x08004359   Thumb Code   226  stm32f10x_spi.o(.text)
    SPI_StructInit                           0x0800443b   Thumb Code    24  stm32f10x_spi.o(.text)
    I2S_StructInit                           0x08004453   Thumb Code    20  stm32f10x_spi.o(.text)
    SPI_Cmd                                  0x08004467   Thumb Code    24  stm32f10x_spi.o(.text)
    I2S_Cmd                                  0x0800447f   Thumb Code    24  stm32f10x_spi.o(.text)
    SPI_I2S_ITConfig                         0x08004497   Thumb Code    32  stm32f10x_spi.o(.text)
    SPI_I2S_DMACmd                           0x080044b7   Thumb Code    18  stm32f10x_spi.o(.text)
    SPI_I2S_SendData                         0x080044c9   Thumb Code     4  stm32f10x_spi.o(.text)
    SPI_I2S_ReceiveData                      0x080044cd   Thumb Code     6  stm32f10x_spi.o(.text)
    SPI_NSSInternalSoftwareConfig            0x080044d3   Thumb Code    30  stm32f10x_spi.o(.text)
    SPI_SSOutputCmd                          0x080044f1   Thumb Code    24  stm32f10x_spi.o(.text)
    SPI_DataSizeConfig                       0x08004509   Thumb Code    18  stm32f10x_spi.o(.text)
    SPI_TransmitCRC                          0x0800451b   Thumb Code    10  stm32f10x_spi.o(.text)
    SPI_CalculateCRC                         0x08004525   Thumb Code    24  stm32f10x_spi.o(.text)
    SPI_GetCRC                               0x0800453d   Thumb Code    16  stm32f10x_spi.o(.text)
    SPI_GetCRCPolynomial                     0x0800454d   Thumb Code     6  stm32f10x_spi.o(.text)
    SPI_BiDirectionalLineConfig              0x08004553   Thumb Code    28  stm32f10x_spi.o(.text)
    SPI_I2S_GetFlagStatus                    0x0800456f   Thumb Code    18  stm32f10x_spi.o(.text)
    SPI_I2S_ClearFlag                        0x08004581   Thumb Code     6  stm32f10x_spi.o(.text)
    SPI_I2S_GetITStatus                      0x08004587   Thumb Code    52  stm32f10x_spi.o(.text)
    SPI_I2S_ClearITPendingBit                0x080045bb   Thumb Code    20  stm32f10x_spi.o(.text)
    TIM_DeInit                               0x080045dd   Thumb Code   424  stm32f10x_tim.o(.text)
    TIM_TimeBaseInit                         0x08004785   Thumb Code   122  stm32f10x_tim.o(.text)
    TIM_OC1Init                              0x080047ff   Thumb Code   132  stm32f10x_tim.o(.text)
    TIM_OC2Init                              0x08004883   Thumb Code   154  stm32f10x_tim.o(.text)
    TIM_OC3Init                              0x0800491d   Thumb Code   150  stm32f10x_tim.o(.text)
    TIM_OC4Init                              0x080049b3   Thumb Code   182  stm32f10x_tim.o(.text)
    TIM_SetIC4Prescaler                      0x08004a69   Thumb Code    26  stm32f10x_tim.o(.text)
    TIM_SetIC3Prescaler                      0x08004b05   Thumb Code    18  stm32f10x_tim.o(.text)
    TIM_SetIC2Prescaler                      0x08004b91   Thumb Code    26  stm32f10x_tim.o(.text)
    TIM_SetIC1Prescaler                      0x08004c2d   Thumb Code    18  stm32f10x_tim.o(.text)
    TIM_ICInit                               0x08004cab   Thumb Code   150  stm32f10x_tim.o(.text)
    TIM_PWMIConfig                           0x08004d41   Thumb Code   124  stm32f10x_tim.o(.text)
    TIM_BDTRConfig                           0x08004dbd   Thumb Code    32  stm32f10x_tim.o(.text)
    TIM_TimeBaseStructInit                   0x08004ddd   Thumb Code    18  stm32f10x_tim.o(.text)
    TIM_OCStructInit                         0x08004def   Thumb Code    20  stm32f10x_tim.o(.text)
    TIM_ICStructInit                         0x08004e03   Thumb Code    18  stm32f10x_tim.o(.text)
    TIM_BDTRStructInit                       0x08004e15   Thumb Code    40  stm32f10x_tim.o(.text)
    TIM_Cmd                                  0x08004e3d   Thumb Code    24  stm32f10x_tim.o(.text)
    TIM_CtrlPWMOutputs                       0x08004e55   Thumb Code    30  stm32f10x_tim.o(.text)
    TIM_ITConfig                             0x08004e73   Thumb Code    18  stm32f10x_tim.o(.text)
    TIM_GenerateEvent                        0x08004e85   Thumb Code     4  stm32f10x_tim.o(.text)
    TIM_DMAConfig                            0x08004e89   Thumb Code    10  stm32f10x_tim.o(.text)
    TIM_DMACmd                               0x08004e93   Thumb Code    18  stm32f10x_tim.o(.text)
    TIM_InternalClockConfig                  0x08004ea5   Thumb Code    12  stm32f10x_tim.o(.text)
    TIM_SelectInputTrigger                   0x08004eb1   Thumb Code    18  stm32f10x_tim.o(.text)
    TIM_ITRxExternalClockConfig              0x08004ec3   Thumb Code    24  stm32f10x_tim.o(.text)
    TIM_TIxExternalClockConfig               0x08004edb   Thumb Code    62  stm32f10x_tim.o(.text)
    TIM_ETRConfig                            0x08004f19   Thumb Code    28  stm32f10x_tim.o(.text)
    TIM_ETRClockMode1Config                  0x08004f35   Thumb Code    54  stm32f10x_tim.o(.text)
    TIM_ETRClockMode2Config                  0x08004f6b   Thumb Code    32  stm32f10x_tim.o(.text)
    TIM_PrescalerConfig                      0x08004f8b   Thumb Code     6  stm32f10x_tim.o(.text)
    TIM_CounterModeConfig                    0x08004f91   Thumb Code    18  stm32f10x_tim.o(.text)
    TIM_EncoderInterfaceConfig               0x08004fa3   Thumb Code    66  stm32f10x_tim.o(.text)
    TIM_ForcedOC1Config                      0x08004fe5   Thumb Code    18  stm32f10x_tim.o(.text)
    TIM_ForcedOC2Config                      0x08004ff7   Thumb Code    26  stm32f10x_tim.o(.text)
    TIM_ForcedOC3Config                      0x08005011   Thumb Code    18  stm32f10x_tim.o(.text)
    TIM_ForcedOC4Config                      0x08005023   Thumb Code    26  stm32f10x_tim.o(.text)
    TIM_ARRPreloadConfig                     0x0800503d   Thumb Code    24  stm32f10x_tim.o(.text)
    TIM_SelectCOM                            0x08005055   Thumb Code    24  stm32f10x_tim.o(.text)
    TIM_SelectCCDMA                          0x0800506d   Thumb Code    24  stm32f10x_tim.o(.text)
    TIM_CCPreloadControl                     0x08005085   Thumb Code    24  stm32f10x_tim.o(.text)
    TIM_OC1PreloadConfig                     0x0800509d   Thumb Code    18  stm32f10x_tim.o(.text)
    TIM_OC2PreloadConfig                     0x080050af   Thumb Code    26  stm32f10x_tim.o(.text)
    TIM_OC3PreloadConfig                     0x080050c9   Thumb Code    18  stm32f10x_tim.o(.text)
    TIM_OC4PreloadConfig                     0x080050db   Thumb Code    26  stm32f10x_tim.o(.text)
    TIM_OC1FastConfig                        0x080050f5   Thumb Code    18  stm32f10x_tim.o(.text)
    TIM_OC2FastConfig                        0x08005107   Thumb Code    26  stm32f10x_tim.o(.text)
    TIM_OC3FastConfig                        0x08005121   Thumb Code    18  stm32f10x_tim.o(.text)
    TIM_OC4FastConfig                        0x08005133   Thumb Code    26  stm32f10x_tim.o(.text)
    TIM_ClearOC1Ref                          0x0800514d   Thumb Code    18  stm32f10x_tim.o(.text)
    TIM_ClearOC2Ref                          0x0800515f   Thumb Code    24  stm32f10x_tim.o(.text)
    TIM_ClearOC3Ref                          0x08005177   Thumb Code    18  stm32f10x_tim.o(.text)
    TIM_ClearOC4Ref                          0x08005189   Thumb Code    24  stm32f10x_tim.o(.text)
    TIM_OC1PolarityConfig                    0x080051a1   Thumb Code    18  stm32f10x_tim.o(.text)
    TIM_OC1NPolarityConfig                   0x080051b3   Thumb Code    18  stm32f10x_tim.o(.text)
    TIM_OC2PolarityConfig                    0x080051c5   Thumb Code    26  stm32f10x_tim.o(.text)
    TIM_OC2NPolarityConfig                   0x080051df   Thumb Code    26  stm32f10x_tim.o(.text)
    TIM_OC3PolarityConfig                    0x080051f9   Thumb Code    26  stm32f10x_tim.o(.text)
    TIM_OC3NPolarityConfig                   0x08005213   Thumb Code    26  stm32f10x_tim.o(.text)
    TIM_OC4PolarityConfig                    0x0800522d   Thumb Code    26  stm32f10x_tim.o(.text)
    TIM_CCxCmd                               0x08005247   Thumb Code    30  stm32f10x_tim.o(.text)
    TIM_CCxNCmd                              0x08005265   Thumb Code    30  stm32f10x_tim.o(.text)
    TIM_SelectOCxM                           0x08005283   Thumb Code    82  stm32f10x_tim.o(.text)
    TIM_UpdateDisableConfig                  0x080052d5   Thumb Code    24  stm32f10x_tim.o(.text)
    TIM_UpdateRequestConfig                  0x080052ed   Thumb Code    24  stm32f10x_tim.o(.text)
    TIM_SelectHallSensor                     0x08005305   Thumb Code    24  stm32f10x_tim.o(.text)
    TIM_SelectOnePulseMode                   0x0800531d   Thumb Code    18  stm32f10x_tim.o(.text)
    TIM_SelectOutputTrigger                  0x0800532f   Thumb Code    18  stm32f10x_tim.o(.text)
    TIM_SelectSlaveMode                      0x08005341   Thumb Code    18  stm32f10x_tim.o(.text)
    TIM_SelectMasterSlaveMode                0x08005353   Thumb Code    18  stm32f10x_tim.o(.text)
    TIM_SetCounter                           0x08005365   Thumb Code     4  stm32f10x_tim.o(.text)
    TIM_SetAutoreload                        0x08005369   Thumb Code     4  stm32f10x_tim.o(.text)
    TIM_SetCompare1                          0x0800536d   Thumb Code     4  stm32f10x_tim.o(.text)
    TIM_SetCompare2                          0x08005371   Thumb Code     4  stm32f10x_tim.o(.text)
    TIM_SetCompare3                          0x08005375   Thumb Code     4  stm32f10x_tim.o(.text)
    TIM_SetCompare4                          0x08005379   Thumb Code     6  stm32f10x_tim.o(.text)
    TIM_SetClockDivision                     0x0800537f   Thumb Code    18  stm32f10x_tim.o(.text)
    TIM_GetCapture1                          0x08005391   Thumb Code     6  stm32f10x_tim.o(.text)
    TIM_GetCapture2                          0x08005397   Thumb Code     6  stm32f10x_tim.o(.text)
    TIM_GetCapture3                          0x0800539d   Thumb Code     6  stm32f10x_tim.o(.text)
    TIM_GetCapture4                          0x080053a3   Thumb Code     8  stm32f10x_tim.o(.text)
    TIM_GetCounter                           0x080053ab   Thumb Code     6  stm32f10x_tim.o(.text)
    TIM_GetPrescaler                         0x080053b1   Thumb Code     6  stm32f10x_tim.o(.text)
    TIM_GetFlagStatus                        0x080053b7   Thumb Code    18  stm32f10x_tim.o(.text)
    TIM_ClearFlag                            0x080053c9   Thumb Code     6  stm32f10x_tim.o(.text)
    TIM_GetITStatus                          0x080053cf   Thumb Code    34  stm32f10x_tim.o(.text)
    TIM_ClearITPendingBit                    0x080053f1   Thumb Code     6  stm32f10x_tim.o(.text)
    USART_DeInit                             0x080053f9   Thumb Code   134  stm32f10x_usart.o(.text)
    USART_Init                               0x0800547f   Thumb Code   210  stm32f10x_usart.o(.text)
    USART_StructInit                         0x08005551   Thumb Code    24  stm32f10x_usart.o(.text)
    USART_ClockInit                          0x08005569   Thumb Code    34  stm32f10x_usart.o(.text)
    USART_ClockStructInit                    0x0800558b   Thumb Code    12  stm32f10x_usart.o(.text)
    USART_Cmd                                0x08005597   Thumb Code    24  stm32f10x_usart.o(.text)
    USART_ITConfig                           0x080055af   Thumb Code    74  stm32f10x_usart.o(.text)
    USART_DMACmd                             0x080055f9   Thumb Code    18  stm32f10x_usart.o(.text)
    USART_SetAddress                         0x0800560b   Thumb Code    18  stm32f10x_usart.o(.text)
    USART_WakeUpConfig                       0x0800561d   Thumb Code    18  stm32f10x_usart.o(.text)
    USART_ReceiverWakeUpCmd                  0x0800562f   Thumb Code    24  stm32f10x_usart.o(.text)
    USART_LINBreakDetectLengthConfig         0x08005647   Thumb Code    18  stm32f10x_usart.o(.text)
    USART_LINCmd                             0x08005659   Thumb Code    24  stm32f10x_usart.o(.text)
    USART_SendData                           0x08005671   Thumb Code     8  stm32f10x_usart.o(.text)
    USART_ReceiveData                        0x08005679   Thumb Code    10  stm32f10x_usart.o(.text)
    USART_SendBreak                          0x08005683   Thumb Code    10  stm32f10x_usart.o(.text)
    USART_SetGuardTime                       0x0800568d   Thumb Code    16  stm32f10x_usart.o(.text)
    USART_SetPrescaler                       0x0800569d   Thumb Code    16  stm32f10x_usart.o(.text)
    USART_SmartCardCmd                       0x080056ad   Thumb Code    24  stm32f10x_usart.o(.text)
    USART_SmartCardNACKCmd                   0x080056c5   Thumb Code    24  stm32f10x_usart.o(.text)
    USART_HalfDuplexCmd                      0x080056dd   Thumb Code    24  stm32f10x_usart.o(.text)
    USART_OverSampling8Cmd                   0x080056f5   Thumb Code    22  stm32f10x_usart.o(.text)
    USART_OneBitMethodCmd                    0x0800570b   Thumb Code    24  stm32f10x_usart.o(.text)
    USART_IrDAConfig                         0x08005723   Thumb Code    18  stm32f10x_usart.o(.text)
    USART_IrDACmd                            0x08005735   Thumb Code    24  stm32f10x_usart.o(.text)
    USART_GetFlagStatus                      0x0800574d   Thumb Code    26  stm32f10x_usart.o(.text)
    USART_ClearFlag                          0x08005767   Thumb Code    18  stm32f10x_usart.o(.text)
    USART_GetITStatus                        0x08005779   Thumb Code    84  stm32f10x_usart.o(.text)
    USART_ClearITPendingBit                  0x080057cd   Thumb Code    52  stm32f10x_usart.o(.text)
    FLASH_SetLatency                         0x08005801   Thumb Code    18  stm32f10x_flash.o(.text)
    FLASH_HalfCycleAccessCmd                 0x08005813   Thumb Code    22  stm32f10x_flash.o(.text)
    FLASH_PrefetchBufferCmd                  0x08005829   Thumb Code    22  stm32f10x_flash.o(.text)
    FLASH_Unlock                             0x0800583f   Thumb Code    12  stm32f10x_flash.o(.text)
    FLASH_UnlockBank1                        0x0800584b   Thumb Code    12  stm32f10x_flash.o(.text)
    FLASH_Lock                               0x08005857   Thumb Code    14  stm32f10x_flash.o(.text)
    FLASH_LockBank1                          0x08005865   Thumb Code    14  stm32f10x_flash.o(.text)
    FLASH_GetBank1Status                     0x08005873   Thumb Code    48  stm32f10x_flash.o(.text)
    FLASH_WaitForLastOperation               0x080058a3   Thumb Code    38  stm32f10x_flash.o(.text)
    FLASH_ErasePage                          0x080058c9   Thumb Code    72  stm32f10x_flash.o(.text)
    FLASH_EraseAllPages                      0x08005911   Thumb Code    68  stm32f10x_flash.o(.text)
    FLASH_WaitForLastBank1Operation          0x08005955   Thumb Code    38  stm32f10x_flash.o(.text)
    FLASH_EraseAllBank1Pages                 0x0800597b   Thumb Code    68  stm32f10x_flash.o(.text)
    FLASH_GetReadOutProtectionStatus         0x080059bf   Thumb Code    20  stm32f10x_flash.o(.text)
    FLASH_EraseOptionBytes                   0x080059d3   Thumb Code   150  stm32f10x_flash.o(.text)
    FLASH_ProgramWord                        0x08005a69   Thumb Code   102  stm32f10x_flash.o(.text)
    FLASH_ProgramHalfWord                    0x08005acf   Thumb Code    60  stm32f10x_flash.o(.text)
    FLASH_ProgramOptionByteData              0x08005b0b   Thumb Code    72  stm32f10x_flash.o(.text)
    FLASH_EnableWriteProtection              0x08005b53   Thumb Code   200  stm32f10x_flash.o(.text)
    FLASH_ReadOutProtection                  0x08005c1b   Thumb Code   156  stm32f10x_flash.o(.text)
    FLASH_UserOptionByteConfig               0x08005cb7   Thumb Code    88  stm32f10x_flash.o(.text)
    FLASH_GetUserOptionByte                  0x08005d0f   Thumb Code     8  stm32f10x_flash.o(.text)
    FLASH_GetWriteProtectionOptionByte       0x08005d17   Thumb Code     6  stm32f10x_flash.o(.text)
    FLASH_GetPrefetchBufferStatus            0x08005d1d   Thumb Code    20  stm32f10x_flash.o(.text)
    FLASH_ITConfig                           0x08005d31   Thumb Code    26  stm32f10x_flash.o(.text)
    FLASH_GetFlagStatus                      0x08005d4b   Thumb Code    42  stm32f10x_flash.o(.text)
    FLASH_ClearFlag                          0x08005d75   Thumb Code     6  stm32f10x_flash.o(.text)
    FLASH_GetStatus                          0x08005d7b   Thumb Code    48  stm32f10x_flash.o(.text)
    ADC_DeInit                               0x08005dbd   Thumb Code    78  stm32f10x_adc.o(.text)
    ADC_Init                                 0x08005e0b   Thumb Code    70  stm32f10x_adc.o(.text)
    ADC_StructInit                           0x08005e51   Thumb Code    18  stm32f10x_adc.o(.text)
    ADC_Cmd                                  0x08005e63   Thumb Code    22  stm32f10x_adc.o(.text)
    ADC_DMACmd                               0x08005e79   Thumb Code    22  stm32f10x_adc.o(.text)
    ADC_ITConfig                             0x08005e8f   Thumb Code    24  stm32f10x_adc.o(.text)
    ADC_ResetCalibration                     0x08005ea7   Thumb Code    10  stm32f10x_adc.o(.text)
    ADC_GetResetCalibrationStatus            0x08005eb1   Thumb Code    20  stm32f10x_adc.o(.text)
    ADC_StartCalibration                     0x08005ec5   Thumb Code    10  stm32f10x_adc.o(.text)
    ADC_GetCalibrationStatus                 0x08005ecf   Thumb Code    20  stm32f10x_adc.o(.text)
    ADC_SoftwareStartConvCmd                 0x08005ee3   Thumb Code    22  stm32f10x_adc.o(.text)
    ADC_GetSoftwareStartConvStatus           0x08005ef9   Thumb Code    20  stm32f10x_adc.o(.text)
    ADC_DiscModeChannelCountConfig           0x08005f0d   Thumb Code    24  stm32f10x_adc.o(.text)
    ADC_DiscModeCmd                          0x08005f25   Thumb Code    22  stm32f10x_adc.o(.text)
    ADC_RegularChannelConfig                 0x08005f3b   Thumb Code   184  stm32f10x_adc.o(.text)
    ADC_ExternalTrigConvCmd                  0x08005ff3   Thumb Code    22  stm32f10x_adc.o(.text)
    ADC_GetConversionValue                   0x08006009   Thumb Code     8  stm32f10x_adc.o(.text)
    ADC_GetDualModeConversionValue           0x08006011   Thumb Code     8  stm32f10x_adc.o(.text)
    ADC_AutoInjectedConvCmd                  0x08006019   Thumb Code    22  stm32f10x_adc.o(.text)
    ADC_InjectedDiscModeCmd                  0x0800602f   Thumb Code    22  stm32f10x_adc.o(.text)
    ADC_ExternalTrigInjectedConvConfig       0x08006045   Thumb Code    16  stm32f10x_adc.o(.text)
    ADC_ExternalTrigInjectedConvCmd          0x08006055   Thumb Code    22  stm32f10x_adc.o(.text)
    ADC_SoftwareStartInjectedConvCmd         0x0800606b   Thumb Code    22  stm32f10x_adc.o(.text)
    ADC_GetSoftwareStartInjectedConvCmdStatus 0x08006081   Thumb Code    20  stm32f10x_adc.o(.text)
    ADC_InjectedChannelConfig                0x08006095   Thumb Code   130  stm32f10x_adc.o(.text)
    ADC_InjectedSequencerLengthConfig        0x08006117   Thumb Code    24  stm32f10x_adc.o(.text)
    ADC_SetInjectedOffset                    0x0800612f   Thumb Code    20  stm32f10x_adc.o(.text)
    ADC_GetInjectedConversionValue           0x08006143   Thumb Code    28  stm32f10x_adc.o(.text)
    ADC_AnalogWatchdogCmd                    0x0800615f   Thumb Code    16  stm32f10x_adc.o(.text)
    ADC_AnalogWatchdogThresholdsConfig       0x0800616f   Thumb Code     6  stm32f10x_adc.o(.text)
    ADC_AnalogWatchdogSingleChannelConfig    0x08006175   Thumb Code    16  stm32f10x_adc.o(.text)
    ADC_TempSensorVrefintCmd                 0x08006185   Thumb Code    64  stm32f10x_adc.o(.text)
    ADC_GetFlagStatus                        0x080061c5   Thumb Code    18  stm32f10x_adc.o(.text)
    ADC_ClearFlag                            0x080061d7   Thumb Code     6  stm32f10x_adc.o(.text)
    ADC_GetITStatus                          0x080061dd   Thumb Code    36  stm32f10x_adc.o(.text)
    ADC_ClearITPendingBit                    0x08006201   Thumb Code    10  stm32f10x_adc.o(.text)
    IWDG_WriteAccessCmd                      0x0800620d   Thumb Code     6  stm32f10x_iwdg.o(.text)
    IWDG_SetPrescaler                        0x08006213   Thumb Code     6  stm32f10x_iwdg.o(.text)
    IWDG_SetReload                           0x08006219   Thumb Code     6  stm32f10x_iwdg.o(.text)
    IWDG_ReloadCounter                       0x0800621f   Thumb Code    10  stm32f10x_iwdg.o(.text)
    IWDG_Enable                              0x08006229   Thumb Code    10  stm32f10x_iwdg.o(.text)
    IWDG_GetFlagStatus                       0x08006233   Thumb Code    20  stm32f10x_iwdg.o(.text)
    OS_TaskStatStkChk                        0x0800624d   Thumb Code    54  os_core.o(.text)
    OS_TaskStat                              0x08006283   Thumb Code   116  os_core.o(.text)
    OS_TaskIdle                              0x0800632b   Thumb Code    34  os_core.o(.text)
    OS_MemClr                                0x08006381   Thumb Code    18  os_core.o(.text)
    OSInit                                   0x0800649f   Thumb Code    52  os_core.o(.text)
    OSIntEnter                               0x080064d3   Thumb Code    28  os_core.o(.text)
    OSIntExit                                0x08006509   Thumb Code   112  os_core.o(.text)
    OSSchedLock                              0x08006579   Thumb Code    50  os_core.o(.text)
    OS_Sched                                 0x080065ab   Thumb Code    88  os_core.o(.text)
    OSSchedUnlock                            0x08006603   Thumb Code   238  os_core.o(.text)
    OSStart                                  0x080066f1   Thumb Code    48  os_core.o(.text)
    OSStatInit                               0x08006721   Thumb Code    62  os_core.o(.text)
    OSTimeTick                               0x0800675f   Thumb Code   218  os_core.o(.text)
    OSVersion                                0x08006839   Thumb Code     6  os_core.o(.text)
    OS_Dummy                                 0x0800683f   Thumb Code     2  os_core.o(.text)
    OS_EventTaskRemove                       0x08006841   Thumb Code    42  os_core.o(.text)
    OS_EventTaskRdy                          0x0800686b   Thumb Code   118  os_core.o(.text)
    OS_EventTaskWait                         0x080068e1   Thumb Code   112  os_core.o(.text)
    OS_EventWaitListInit                     0x08006951   Thumb Code    28  os_core.o(.text)
    OS_MemCopy                               0x0800696d   Thumb Code    20  os_core.o(.text)
    OS_StrLen                                0x08006981   Thumb Code    20  os_core.o(.text)
    OS_TCBInit                               0x08006995   Thumb Code   294  os_core.o(.text)
    OSFlagAccept                             0x08006b01   Thumb Code   252  os_flag.o(.text)
    OSFlagCreate                             0x08006bfd   Thumb Code    86  os_flag.o(.text)
    OS_FlagUnlink                            0x08006c53   Thumb Code    36  os_flag.o(.text)
    OSFlagDel                                0x08006cd7   Thumb Code   214  os_flag.o(.text)
    OSFlagNameGet                            0x08006dad   Thumb Code    80  os_flag.o(.text)
    OSFlagNameSet                            0x08006dfd   Thumb Code    66  os_flag.o(.text)
    OSFlagPend                               0x08006ed7   Thumb Code   614  os_flag.o(.text)
    OSFlagPendGetFlagsRdy                    0x0800713d   Thumb Code    26  os_flag.o(.text)
    OSFlagPost                               0x08007157   Thumb Code   312  os_flag.o(.text)
    OSFlagQuery                              0x0800728f   Thumb Code    48  os_flag.o(.text)
    OS_FlagInit                              0x080072bf   Thumb Code    78  os_flag.o(.text)
    OSMemCreate                              0x08007319   Thumb Code   118  os_mem.o(.text)
    OSMemGet                                 0x0800738f   Thumb Code    62  os_mem.o(.text)
    OSMemNameGet                             0x080073cd   Thumb Code    60  os_mem.o(.text)
    OSMemNameSet                             0x08007409   Thumb Code    48  os_mem.o(.text)
    OSMemPut                                 0x08007439   Thumb Code    54  os_mem.o(.text)
    OSMemQuery                               0x0800746f   Thumb Code    52  os_mem.o(.text)
    OS_MemInit                               0x080074a3   Thumb Code    24  os_mem.o(.text)
    OSQAccept                                0x080074cd   Thumb Code    88  os_q.o(.text)
    OSQCreate                                0x08007525   Thumb Code   140  os_q.o(.text)
    OSQDel                                   0x080075b1   Thumb Code   236  os_q.o(.text)
    OSQFlush                                 0x0800769d   Thumb Code    36  os_q.o(.text)
    OSQPend                                  0x080076c1   Thumb Code   272  os_q.o(.text)
    OSQPendAbort                             0x080077d1   Thumb Code   128  os_q.o(.text)
    OSQPost                                  0x08007851   Thumb Code   114  os_q.o(.text)
    OSQPostFront                             0x080078c3   Thumb Code   136  os_q.o(.text)
    OSQPostOpt                               0x0800794b   Thumb Code   182  os_q.o(.text)
    OSQQuery                                 0x08007a01   Thumb Code    98  os_q.o(.text)
    OS_QInit                                 0x08007a63   Thumb Code    72  os_q.o(.text)
    OSSemAccept                              0x08007ab5   Thumb Code    42  os_sem.o(.text)
    OSSemCreate                              0x08007adf   Thumb Code    68  os_sem.o(.text)
    OSSemDel                                 0x08007b23   Thumb Code   200  os_sem.o(.text)
    OSSemPend                                0x08007beb   Thumb Code   222  os_sem.o(.text)
    OSSemPendAbort                           0x08007cc9   Thumb Code   128  os_sem.o(.text)
    OSSemPost                                0x08007d49   Thumb Code    88  os_sem.o(.text)
    OSSemQuery                               0x08007da1   Thumb Code    76  os_sem.o(.text)
    OSSemSet                                 0x08007ded   Thumb Code    66  os_sem.o(.text)
    OSTaskChangePrio                         0x08007e41   Thumb Code   310  os_task.o(.text)
    OSTaskCreate                             0x08007f77   Thumb Code   148  os_task.o(.text)
    OS_TaskStkClr                            0x0800800b   Thumb Code    26  os_task.o(.text)
    OSTaskCreateExt                          0x08008025   Thumb Code   170  os_task.o(.text)
    OSTaskDel                                0x080080cf   Thumb Code   294  os_task.o(.text)
    OSTaskDelReq                             0x080081f5   Thumb Code   146  os_task.o(.text)
    OSTaskNameGet                            0x08008287   Thumb Code   114  os_task.o(.text)
    OSTaskNameSet                            0x080082f9   Thumb Code    98  os_task.o(.text)
    OSTaskResume                             0x0800835b   Thumb Code   160  os_task.o(.text)
    OSTaskStkChk                             0x080083fb   Thumb Code   132  os_task.o(.text)
    OSTaskSuspend                            0x0800847f   Thumb Code   152  os_task.o(.text)
    OSTaskQuery                              0x08008517   Thumb Code    82  os_task.o(.text)
    OSTaskRegGet                             0x08008569   Thumb Code    60  os_task.o(.text)
    OSTaskRegSet                             0x080085a5   Thumb Code    62  os_task.o(.text)
    OS_TaskReturn                            0x080085e3   Thumb Code    18  os_task.o(.text)
    OSTimeDly                                0x0800860d   Thumb Code   100  os_time.o(.text)
    OSTimeDlyHMSM                            0x08008671   Thumb Code    86  os_time.o(.text)
    OSTimeDlyResume                          0x080086c7   Thumb Code   176  os_time.o(.text)
    OSTimeGet                                0x08008777   Thumb Code    24  os_time.o(.text)
    OSTimeSet                                0x0800878f   Thumb Code    24  os_time.o(.text)
    OSTmrCreate                              0x080087f7   Thumb Code    96  os_tmr.o(.text)
    OSTmrDel                                 0x080088cf   Thumb Code   124  os_tmr.o(.text)
    OSTmrNameGet                             0x0800894b   Thumb Code   114  os_tmr.o(.text)
    OSTmrRemainGet                           0x080089bd   Thumb Code   164  os_tmr.o(.text)
    OSTmrStateGet                            0x08008a61   Thumb Code    86  os_tmr.o(.text)
    OSTmrStart                               0x08008b1b   Thumb Code   128  os_tmr.o(.text)
    OSTmrStop                                0x08008b9b   Thumb Code   210  os_tmr.o(.text)
    OSTmrSignal                              0x08008c6d   Thumb Code    16  os_tmr.o(.text)
    OSTmr_Init                               0x08008d21   Thumb Code   152  os_tmr.o(.text)
    OS_CPU_SR_Save                           0x08008df9   Thumb Code     0  os_cpu_a.o(.text)
    OS_CPU_SR_Restore                        0x08008e01   Thumb Code     0  os_cpu_a.o(.text)
    OSStartHighRdy                           0x08008e07   Thumb Code     0  os_cpu_a.o(.text)
    OSCtxSw                                  0x08008e29   Thumb Code     0  os_cpu_a.o(.text)
    OSIntCtxSw                               0x08008e37   Thumb Code     0  os_cpu_a.o(.text)
    PendSV_Handler                           0x08008e47   Thumb Code     0  os_cpu_a.o(.text)
    OSInitHookBegin                          0x08008ead   Thumb Code     8  os_cpu_c.o(.text)
    OSInitHookEnd                            0x08008eb5   Thumb Code     2  os_cpu_c.o(.text)
    OSTaskCreateHook                         0x08008eb7   Thumb Code     2  os_cpu_c.o(.text)
    OSTaskDelHook                            0x08008eb9   Thumb Code     2  os_cpu_c.o(.text)
    OSTaskIdleHook                           0x08008ebb   Thumb Code     2  os_cpu_c.o(.text)
    OSTaskStatHook                           0x08008ebd   Thumb Code     2  os_cpu_c.o(.text)
    OSTaskStkInit                            0x08008ebf   Thumb Code   154  os_cpu_c.o(.text)
    OSTaskSwHook                             0x08008f59   Thumb Code     2  os_cpu_c.o(.text)
    OSTCBInitHook                            0x08008f5b   Thumb Code     2  os_cpu_c.o(.text)
    OSTimeTickHook                           0x08008f5d   Thumb Code    30  os_cpu_c.o(.text)
    OSTaskReturnHook                         0x08008f7b   Thumb Code     2  os_cpu_c.o(.text)
    __use_no_semihosting                     0x08008f81   Thumb Code     2  use_no_semi_2.o(.text)
    __2printf                                0x08008f85   Thumb Code    20  noretval__2printf.o(.text)
    __2sprintf                               0x08008f9d   Thumb Code    34  noretval__2sprintf.o(.text)
    _printf_pre_padding                      0x08008fc5   Thumb Code    46  _printf_pad.o(.text)
    _printf_post_padding                     0x08008ff3   Thumb Code    36  _printf_pad.o(.text)
    _printf_str                              0x08009017   Thumb Code    82  _printf_str.o(.text)
    _printf_int_dec                          0x08009069   Thumb Code   102  _printf_dec.o(.text)
    _printf_int_hex                          0x080090e1   Thumb Code    88  _printf_hex_int.o(.text)
    _printf_longlong_hex                     0x080090e1   Thumb Code     0  _printf_hex_int.o(.text)
    __printf                                 0x0800913d   Thumb Code   310  __printf_flags_wp.o(.text)
    strtol                                   0x08009279   Thumb Code   112  strtol.o(.text)
    strstr                                   0x080092e9   Thumb Code    36  strstr.o(.text)
    strcpy                                   0x0800930d   Thumb Code    72  strcpy.o(.text)
    strlen                                   0x08009355   Thumb Code    62  strlen.o(.text)
    __aeabi_memcpy4                          0x08009393   Thumb Code     0  rt_memcpy_w.o(.text)
    __aeabi_memcpy8                          0x08009393   Thumb Code     0  rt_memcpy_w.o(.text)
    __rt_memcpy_w                            0x08009393   Thumb Code   100  rt_memcpy_w.o(.text)
    _memcpy_lastbytes_aligned                0x080093db   Thumb Code     0  rt_memcpy_w.o(.text)
    __aeabi_memclr4                          0x080093f7   Thumb Code     0  rt_memclr_w.o(.text)
    __aeabi_memclr8                          0x080093f7   Thumb Code     0  rt_memclr_w.o(.text)
    __rt_memclr_w                            0x080093f7   Thumb Code    78  rt_memclr_w.o(.text)
    _memset_w                                0x080093fb   Thumb Code     0  rt_memclr_w.o(.text)
    __use_two_region_memory                  0x08009445   Thumb Code     2  heapauxi.o(.text)
    __rt_heap_escrow$2region                 0x08009447   Thumb Code     2  heapauxi.o(.text)
    __rt_heap_expand$2region                 0x08009449   Thumb Code     2  heapauxi.o(.text)
    __I$use$semihosting                      0x0800944b   Thumb Code     0  use_no_semi.o(.text)
    __use_no_semihosting_swi                 0x0800944b   Thumb Code     2  use_no_semi.o(.text)
    __rt_ctype_table                         0x0800944d   Thumb Code    16  rt_ctype_table.o(.text)
    __aeabi_errno_addr                       0x0800945d   Thumb Code     8  rt_errno_addr_intlibspace.o(.text)
    __errno$intlibspace                      0x0800945d   Thumb Code     0  rt_errno_addr_intlibspace.o(.text)
    __rt_errno_addr$intlibspace              0x0800945d   Thumb Code     0  rt_errno_addr_intlibspace.o(.text)
    _printf_int_common                       0x08009465   Thumb Code   184  _printf_intcommon.o(.text)
    _printf_char_common                      0x08009527   Thumb Code    32  _printf_char_common.o(.text)
    _sputc                                   0x0800954d   Thumb Code    10  _sputc.o(.text)
    _printf_cs_common                        0x08009557   Thumb Code    20  _printf_char.o(.text)
    _printf_char                             0x0800956b   Thumb Code    16  _printf_char.o(.text)
    _printf_string                           0x0800957b   Thumb Code     8  _printf_char.o(.text)
    _printf_char_file                        0x08009585   Thumb Code    32  _printf_char_file.o(.text)
    _strtoul                                 0x080095a9   Thumb Code   158  _strtoul.o(.text)
    __user_libspace                          0x08009649   Thumb Code     8  libspace.o(.text)
    __user_perproc_libspace                  0x08009649   Thumb Code     0  libspace.o(.text)
    __user_perthread_libspace                0x08009649   Thumb Code     0  libspace.o(.text)
    __rt_locale                              0x08009651   Thumb Code     8  rt_locale_intlibspace.o(.text)
    _chval                                   0x08009659   Thumb Code    28  _chval.o(.text)
    ferror                                   0x08009675   Thumb Code     8  ferror.o(.text)
    __user_setup_stackheap                   0x0800967d   Thumb Code    74  sys_stackheap_outer.o(.text)
    exit                                     0x080096c7   Thumb Code    12  exit.o(.text)
    strcmp                                   0x080096d5   Thumb Code   128  strcmpv7m.o(.text)
    _is_digit                                0x08009755   Thumb Code    14  __printf_wp.o(i._is_digit)
    _get_lc_ctype                            0x08009765   Thumb Code    44  lc_ctype_c.o(locale$$code)
    __aeabi_fadd                             0x08009791   Thumb Code     0  faddsub_clz.o(x$fpl$fadd)
    _fadd                                    0x08009791   Thumb Code   196  faddsub_clz.o(x$fpl$fadd)
    __aeabi_fdiv                             0x08009855   Thumb Code     0  fdiv.o(x$fpl$fdiv)
    _fdiv                                    0x08009855   Thumb Code   384  fdiv.o(x$fpl$fdiv)
    __aeabi_f2uiz                            0x080099d9   Thumb Code     0  ffixu.o(x$fpl$ffixu)
    _ffixu                                   0x080099d9   Thumb Code    62  ffixu.o(x$fpl$ffixu)
    __aeabi_ui2f                             0x08009a19   Thumb Code     0  fflt_clz.o(x$fpl$ffltu)
    _ffltu                                   0x08009a19   Thumb Code    38  fflt_clz.o(x$fpl$ffltu)
    __aeabi_fmul                             0x08009a41   Thumb Code     0  fmul.o(x$fpl$fmul)
    _fmul                                    0x08009a41   Thumb Code   258  fmul.o(x$fpl$fmul)
    __fpl_fnaninf                            0x08009b43   Thumb Code   140  fnaninf.o(x$fpl$fnaninf)
    __fpl_fretinf                            0x08009bcf   Thumb Code    10  fretinf.o(x$fpl$fretinf)
    __aeabi_frsub                            0x08009bd9   Thumb Code     0  faddsub_clz.o(x$fpl$frsb)
    _frsb                                    0x08009bd9   Thumb Code    20  faddsub_clz.o(x$fpl$frsb)
    __aeabi_fsub                             0x08009bed   Thumb Code     0  faddsub_clz.o(x$fpl$fsub)
    _fsub                                    0x08009bed   Thumb Code   234  faddsub_clz.o(x$fpl$fsub)
    __I$use$fp                               0x08009cd6   Number         0  usenofp.o(x$fpl$usenofp)
    OSUnMapTbl                               0x08009d38   Data         256  os_core.o(.constdata)
    Region$$Table$$Base                      0x08009e90   Number         0  anon$$obj.o(Region$$Table)
    Region$$Table$$Limit                     0x08009eb0   Number         0  anon$$obj.o(Region$$Table)
    __ctype                                  0x08009ebd   Data           0  lc_ctype_c.o(locale$$data)
    SystemCoreClock                          0x20000000   Data           4  system_stm32f10x.o(.data)
    AHBPrescTable                            0x20000004   Data          16  system_stm32f10x.o(.data)
    modetbl                                  0x20000014   Data           8  mc323.o(.data)
    InterCurLine                             0x2000001c   Data           1  mc323.o(.data)
    IPCONNCET                                0x2000001d   Data           1  mc323.o(.data)
    RtuSendIdentifier                        0x2000001e   Data           1  mc323.o(.data)
    RtuSendBufNUll                           0x2000001f   Data           1  mc323.o(.data)
    RtuSendFinish                            0x20000020   Data           1  mc323.o(.data)
    DataSensoCheck                           0x20000021   Data           1  mc323.o(.data)
    wifiap_ssid                              0x20000024   Data           4  mc323.o(.data)
    wifiap_password                          0x20000028   Data           4  mc323.o(.data)
    USART2_RX_STA                            0x2000002c   Data           2  usart2.o(.data)
    USART3_RX_STA                            0x2000002e   Data           2  usart3.o(.data)
    RC522CT                                  0x20000030   Data           2  rc522.o(.data)
    RC522SN                                  0x20000032   Data           4  rc522.o(.data)
    IsOutOfData                              0x2000003a   Data           1  sys.o(.data)
    SystemDebug                              0x2000003b   Data           1  sys.o(.data)
    SystemFlow                               0x2000003c   Data           1  sys.o(.data)
    SyssetCarinfo                            0x2000003d   Data           1  sys.o(.data)
    USART_RX_STA                             0x20000040   Data           2  usart.o(.data)
    __stdout                                 0x20000044   Data           4  usart.o(.data)
    DataBiteInfo                             0x20000048   Data           1  analysis.o(.data)
    normalMonthDays                          0x2000004c   Data          52  analysis.o(.data)
    OSCtxSwCtr                               0x20000094   Data           4  os_core.o(.data)
    OSEventFreeList                          0x20000098   Data           4  os_core.o(.data)
    OSFlagFreeList                           0x2000009c   Data           4  os_core.o(.data)
    OSCPUUsage                               0x200000a0   Data           1  os_core.o(.data)
    OSIdleCtrMax                             0x200000a4   Data           4  os_core.o(.data)
    OSIdleCtrRun                             0x200000a8   Data           4  os_core.o(.data)
    OSStatRdy                                0x200000ac   Data           1  os_core.o(.data)
    OSIntNesting                             0x200000ad   Data           1  os_core.o(.data)
    OSLockNesting                            0x200000ae   Data           1  os_core.o(.data)
    OSPrioCur                                0x200000af   Data           1  os_core.o(.data)
    OSPrioHighRdy                            0x200000b0   Data           1  os_core.o(.data)
    OSRdyGrp                                 0x200000b1   Data           1  os_core.o(.data)
    OSRdyTbl                                 0x200000b2   Data           8  os_core.o(.data)
    OSRunning                                0x200000ba   Data           1  os_core.o(.data)
    OSTaskCtr                                0x200000bb   Data           1  os_core.o(.data)
    OSIdleCtr                                0x200000bc   Data           4  os_core.o(.data)
    OSTCBCur                                 0x200000c0   Data           4  os_core.o(.data)
    OSTCBFreeList                            0x200000c4   Data           4  os_core.o(.data)
    OSTCBHighRdy                             0x200000c8   Data           4  os_core.o(.data)
    OSTCBList                                0x200000cc   Data           4  os_core.o(.data)
    OSTickStepState                          0x200000d0   Data           1  os_core.o(.data)
    OSMemFreeList                            0x200000d4   Data           4  os_core.o(.data)
    OSQFreeList                              0x200000d8   Data           4  os_core.o(.data)
    OSTime                                   0x200000dc   Data           4  os_core.o(.data)
    OSTmrFree                                0x200000e0   Data           2  os_core.o(.data)
    OSTmrUsed                                0x200000e2   Data           2  os_core.o(.data)
    OSTmrTime                                0x200000e4   Data           4  os_core.o(.data)
    OSTmrSem                                 0x200000e8   Data           4  os_core.o(.data)
    OSTmrSemSignal                           0x200000ec   Data           4  os_core.o(.data)
    OSTmrFreeList                            0x200000f0   Data           4  os_core.o(.data)
    OSInterrputSum                           0x200000f4   Data           4  os_cpu_c.o(.data)
    START_TASK_STK                           0x200000fc   Data         256  main.o(.bss)
    USART1_TASK_STK                          0x200001fc   Data        2048  main.o(.bss)
    USART2_TASK_STK                          0x200009fc   Data        2048  main.o(.bss)
    UART5_TASK_STK                           0x200011fc   Data        1024  main.o(.bss)
    MAIN_TASK_STK                            0x200015fc   Data        2048  main.o(.bss)
    XXX_TASK_STK                             0x20001dfc   Data         256  main.o(.bss)
    HAND_TASK_STK                            0x20001efc   Data         512  main.o(.bss)
    MC323_TASK_STK                           0x200020fc   Data        1024  main.o(.bss)
    MC323_reconnection_TASK_STK              0x200024fc   Data         512  main.o(.bss)
    USART2_RX_BUF                            0x200026fc   Data         200  usart2.o(.bss)
    STMFLASH_BUF                             0x200027c4   Data        1024  flash_in.o(.bss)
    USART3_RX_BUF                            0x20002bc4   Data         800  usart3.o(.bss)
    adcvols                                  0x20002ee4   Data          10  adc.o(.bss)
    systemset                                0x20002eee   Data         131  sys.o(.bss)
    USART_RX_BUF                             0x20002f71   Data         200  usart.o(.bss)
    Hand_Data                                0x2000303c   Data          60  analysis.o(.bss)
    my_core_data                             0x20003078   Data          16  analysis.o(.bss)
    sys_data                                 0x20003088   Data         112  analysis.o(.bss)
    OSEventTbl                               0x200030f8   Data         200  os_core.o(.bss)
    OSFlagTbl                                0x200031c0   Data          80  os_core.o(.bss)
    OSTaskStatStk                            0x20003210   Data         512  os_core.o(.bss)
    OSTaskIdleStk                            0x20003410   Data         512  os_core.o(.bss)
    OSTCBPrioTbl                             0x20003610   Data         256  os_core.o(.bss)
    OSTCBTbl                                 0x20003710   Data        1176  os_core.o(.bss)
    OSMemTbl                                 0x20003ba8   Data          24  os_core.o(.bss)
    OSQTbl                                   0x20003bc0   Data         120  os_core.o(.bss)
    OSTmrTbl                                 0x20003c38   Data         640  os_core.o(.bss)
    OSTmrTaskStk                             0x20003eb8   Data         512  os_core.o(.bss)
    OSTmrWheelTbl                            0x200040b8   Data          64  os_core.o(.bss)
    __libspace_start                         0x200040f8   Data          96  libspace.o(.bss)
    __temporary_stack_top$libspace           0x20004158   Data           0  libspace.o(.bss)



==============================================================================

Memory Map of the image

  Image Entry point : 0x080000ed

  Load Region LR_IROM1 (Base: 0x08000000, Size: 0x0000a0bc, Max: 0x00010000, ABSOLUTE)

    Execution Region ER_IROM1 (Base: 0x08000000, Size: 0x00009fc0, Max: 0x00010000, ABSOLUTE)

    Base Addr    Size         Type   Attr      Idx    E Section Name        Object

    0x08000000   0x000000ec   Data   RO          466    RESET               startup_stm32f10x_md.o
    0x080000ec   0x00000008   Code   RO          849  * !!!main             c_w.l(__main.o)
    0x080000f4   0x00000034   Code   RO         1066    !!!scatter          c_w.l(__scatter.o)
    0x08000128   0x0000001a   Code   RO         1068    !!handler_copy      c_w.l(__scatter_copy.o)
    0x08000142   0x00000002   PAD
    0x08000144   0x0000001c   Code   RO         1070    !!handler_zi        c_w.l(__scatter_zi.o)
    0x08000160   0x00000000   Code   RO          834    .ARM.Collect$$_printf_percent$$00000000  c_w.l(_printf_percent.o)
    0x08000160   0x00000006   Code   RO          833    .ARM.Collect$$_printf_percent$$00000009  c_w.l(_printf_d.o)
    0x08000166   0x00000006   Code   RO          832    .ARM.Collect$$_printf_percent$$0000000C  c_w.l(_printf_x.o)
    0x0800016c   0x00000006   Code   RO          831    .ARM.Collect$$_printf_percent$$00000014  c_w.l(_printf_s.o)
    0x08000172   0x00000004   Code   RO          893    .ARM.Collect$$_printf_percent$$00000017  c_w.l(_printf_percent_end.o)
    0x08000176   0x00000002   Code   RO          946    .ARM.Collect$$libinit$$00000000  c_w.l(libinit.o)
    0x08000178   0x00000000   Code   RO          948    .ARM.Collect$$libinit$$00000002  c_w.l(libinit2.o)
    0x08000178   0x00000000   Code   RO          951    .ARM.Collect$$libinit$$00000008  c_w.l(libinit2.o)
    0x08000178   0x00000000   Code   RO          953    .ARM.Collect$$libinit$$0000000A  c_w.l(libinit2.o)
    0x08000178   0x00000000   Code   RO          955    .ARM.Collect$$libinit$$0000000C  c_w.l(libinit2.o)
    0x08000178   0x00000006   Code   RO          956    .ARM.Collect$$libinit$$0000000D  c_w.l(libinit2.o)
    0x0800017e   0x00000000   Code   RO          958    .ARM.Collect$$libinit$$0000000F  c_w.l(libinit2.o)
    0x0800017e   0x0000000c   Code   RO          959    .ARM.Collect$$libinit$$00000010  c_w.l(libinit2.o)
    0x0800018a   0x00000000   Code   RO          960    .ARM.Collect$$libinit$$00000011  c_w.l(libinit2.o)
    0x0800018a   0x00000000   Code   RO          962    .ARM.Collect$$libinit$$00000013  c_w.l(libinit2.o)
    0x0800018a   0x00000000   Code   RO          964    .ARM.Collect$$libinit$$00000015  c_w.l(libinit2.o)
    0x0800018a   0x00000000   Code   RO          966    .ARM.Collect$$libinit$$00000017  c_w.l(libinit2.o)
    0x0800018a   0x00000000   Code   RO          968    .ARM.Collect$$libinit$$00000019  c_w.l(libinit2.o)
    0x0800018a   0x00000000   Code   RO          970    .ARM.Collect$$libinit$$0000001B  c_w.l(libinit2.o)
    0x0800018a   0x00000000   Code   RO          972    .ARM.Collect$$libinit$$0000001D  c_w.l(libinit2.o)
    0x0800018a   0x00000000   Code   RO          974    .ARM.Collect$$libinit$$0000001F  c_w.l(libinit2.o)
    0x0800018a   0x00000000   Code   RO          976    .ARM.Collect$$libinit$$00000021  c_w.l(libinit2.o)
    0x0800018a   0x00000000   Code   RO          978    .ARM.Collect$$libinit$$00000023  c_w.l(libinit2.o)
    0x0800018a   0x00000000   Code   RO          982    .ARM.Collect$$libinit$$0000002A  c_w.l(libinit2.o)
    0x0800018a   0x00000000   Code   RO          984    .ARM.Collect$$libinit$$0000002C  c_w.l(libinit2.o)
    0x0800018a   0x00000000   Code   RO          986    .ARM.Collect$$libinit$$0000002E  c_w.l(libinit2.o)
    0x0800018a   0x00000000   Code   RO          988    .ARM.Collect$$libinit$$00000030  c_w.l(libinit2.o)
    0x0800018a   0x00000002   Code   RO          989    .ARM.Collect$$libinit$$00000031  c_w.l(libinit2.o)
    0x0800018c   0x00000002   Code   RO         1017    .ARM.Collect$$libshutdown$$00000000  c_w.l(libshutdown.o)
    0x0800018e   0x00000000   Code   RO         1027    .ARM.Collect$$libshutdown$$00000003  c_w.l(libshutdown2.o)
    0x0800018e   0x00000000   Code   RO         1030    .ARM.Collect$$libshutdown$$00000006  c_w.l(libshutdown2.o)
    0x0800018e   0x00000000   Code   RO         1033    .ARM.Collect$$libshutdown$$00000009  c_w.l(libshutdown2.o)
    0x0800018e   0x00000000   Code   RO         1035    .ARM.Collect$$libshutdown$$0000000B  c_w.l(libshutdown2.o)
    0x0800018e   0x00000000   Code   RO         1038    .ARM.Collect$$libshutdown$$0000000E  c_w.l(libshutdown2.o)
    0x0800018e   0x00000002   Code   RO         1039    .ARM.Collect$$libshutdown$$0000000F  c_w.l(libshutdown2.o)
    0x08000190   0x00000000   Code   RO          875    .ARM.Collect$$rtentry$$00000000  c_w.l(rtentry.o)
    0x08000190   0x00000000   Code   RO          905    .ARM.Collect$$rtentry$$00000002  c_w.l(rtentry2.o)
    0x08000190   0x00000006   Code   RO          917    .ARM.Collect$$rtentry$$00000004  c_w.l(rtentry4.o)
    0x08000196   0x00000000   Code   RO          907    .ARM.Collect$$rtentry$$00000009  c_w.l(rtentry2.o)
    0x08000196   0x00000004   Code   RO          908    .ARM.Collect$$rtentry$$0000000A  c_w.l(rtentry2.o)
    0x0800019a   0x00000000   Code   RO          910    .ARM.Collect$$rtentry$$0000000C  c_w.l(rtentry2.o)
    0x0800019a   0x00000008   Code   RO          911    .ARM.Collect$$rtentry$$0000000D  c_w.l(rtentry2.o)
    0x080001a2   0x00000002   Code   RO          990    .ARM.Collect$$rtexit$$00000000  c_w.l(rtexit.o)
    0x080001a4   0x00000000   Code   RO          997    .ARM.Collect$$rtexit$$00000002  c_w.l(rtexit2.o)
    0x080001a4   0x00000004   Code   RO          998    .ARM.Collect$$rtexit$$00000003  c_w.l(rtexit2.o)
    0x080001a8   0x00000006   Code   RO          999    .ARM.Collect$$rtexit$$00000004  c_w.l(rtexit2.o)
    0x080001ae   0x00000002   PAD
    0x080001b0   0x0000000c   Code   RO          387    .emb_text           sys.o
    0x080001bc   0x00000574   Code   RO            1    .text               main.o
    0x08000730   0x00000012   Code   RO          128    .text               stm32f10x_it.o
    0x08000742   0x00000002   PAD
    0x08000744   0x000001dc   Code   RO          160    .text               system_stm32f10x.o
    0x08000920   0x00000ae8   Code   RO          197    .text               mc323.o
    0x08001408   0x00000110   Code   RO          223    .text               power_drv.o
    0x08001518   0x00000318   Code   RO          241    .text               usart2.o
    0x08001830   0x00000144   Code   RO          260    .text               flash_in.o
    0x08001974   0x000002d8   Code   RO          278    .text               usart3.o
    0x08001c4c   0x000003d0   Code   RO          297    .text               adc.o
    0x0800201c   0x0000002c   Code   RO          315    .text               whg.o
    0x08002048   0x000000d8   Code   RO          336    .text               spi.o
    0x08002120   0x000008ec   Code   RO          355    .text               rc522.o
    0x08002a0c   0x000000f4   Code   RO          373    .text               delay.o
    0x08002b00   0x0000048c   Code   RO          388    .text               sys.o
    0x08002f8c   0x000004d8   Code   RO          411    .text               usart.o
    0x08003464   0x00000654   Code   RO          434    .text               analysis.o
    0x08003ab8   0x00000040   Code   RO          467    .text               startup_stm32f10x_md.o
    0x08003af8   0x000000dc   Code   RO          471    .text               misc.o
    0x08003bd4   0x00000358   Code   RO          495    .text               stm32f10x_gpio.o
    0x08003f2c   0x000003a4   Code   RO          507    .text               stm32f10x_rcc.o
    0x080042d0   0x0000030c   Code   RO          521    .text               stm32f10x_spi.o
    0x080045dc   0x00000e1a   Code   RO          533    .text               stm32f10x_tim.o
    0x080053f6   0x00000002   PAD
    0x080053f8   0x00000408   Code   RO          545    .text               stm32f10x_usart.o
    0x08005800   0x000005bc   Code   RO          557    .text               stm32f10x_flash.o
    0x08005dbc   0x0000044e   Code   RO          569    .text               stm32f10x_adc.o
    0x0800620a   0x00000002   PAD
    0x0800620c   0x00000040   Code   RO          581    .text               stm32f10x_iwdg.o
    0x0800624c   0x000008b4   Code   RO          608    .text               os_core.o
    0x08006b00   0x00000818   Code   RO          628    .text               os_flag.o
    0x08007318   0x000001b4   Code   RO          652    .text               os_mem.o
    0x080074cc   0x000005e8   Code   RO          676    .text               os_q.o
    0x08007ab4   0x0000038c   Code   RO          688    .text               os_sem.o
    0x08007e40   0x000007cc   Code   RO          700    .text               os_task.o
    0x0800860c   0x000001b8   Code   RO          712    .text               os_time.o
    0x080087c4   0x00000634   Code   RO          724    .text               os_tmr.o
    0x08008df8   0x000000b4   Code   RO          736    .text               os_cpu_a.o
    0x08008eac   0x000000d4   Code   RO          739    .text               os_cpu_c.o
    0x08008f80   0x00000002   Code   RO          772    .text               c_w.l(use_no_semi_2.o)
    0x08008f82   0x00000002   PAD
    0x08008f84   0x00000018   Code   RO          778    .text               c_w.l(noretval__2printf.o)
    0x08008f9c   0x00000028   Code   RO          780    .text               c_w.l(noretval__2sprintf.o)
    0x08008fc4   0x00000052   Code   RO          784    .text               c_w.l(_printf_pad.o)
    0x08009016   0x00000052   Code   RO          786    .text               c_w.l(_printf_str.o)
    0x08009068   0x00000078   Code   RO          788    .text               c_w.l(_printf_dec.o)
    0x080090e0   0x0000005c   Code   RO          793    .text               c_w.l(_printf_hex_int.o)
    0x0800913c   0x0000013c   Code   RO          823    .text               c_w.l(__printf_flags_wp.o)
    0x08009278   0x00000070   Code   RO          835    .text               c_w.l(strtol.o)
    0x080092e8   0x00000024   Code   RO          837    .text               c_w.l(strstr.o)
    0x0800930c   0x00000048   Code   RO          839    .text               c_w.l(strcpy.o)
    0x08009354   0x0000003e   Code   RO          841    .text               c_w.l(strlen.o)
    0x08009392   0x00000064   Code   RO          843    .text               c_w.l(rt_memcpy_w.o)
    0x080093f6   0x0000004e   Code   RO          845    .text               c_w.l(rt_memclr_w.o)
    0x08009444   0x00000006   Code   RO          847    .text               c_w.l(heapauxi.o)
    0x0800944a   0x00000002   Code   RO          873    .text               c_w.l(use_no_semi.o)
    0x0800944c   0x00000010   Code   RO          876    .text               c_w.l(rt_ctype_table.o)
    0x0800945c   0x00000008   Code   RO          881    .text               c_w.l(rt_errno_addr_intlibspace.o)
    0x08009464   0x000000b8   Code   RO          883    .text               c_w.l(_printf_intcommon.o)
    0x0800951c   0x00000030   Code   RO          885    .text               c_w.l(_printf_char_common.o)
    0x0800954c   0x0000000a   Code   RO          887    .text               c_w.l(_sputc.o)
    0x08009556   0x0000002c   Code   RO          889    .text               c_w.l(_printf_char.o)
    0x08009582   0x00000002   PAD
    0x08009584   0x00000024   Code   RO          891    .text               c_w.l(_printf_char_file.o)
    0x080095a8   0x0000009e   Code   RO          894    .text               c_w.l(_strtoul.o)
    0x08009646   0x00000002   PAD
    0x08009648   0x00000008   Code   RO          901    .text               c_w.l(libspace.o)
    0x08009650   0x00000008   Code   RO          922    .text               c_w.l(rt_locale_intlibspace.o)
    0x08009658   0x0000001c   Code   RO          926    .text               c_w.l(_chval.o)
    0x08009674   0x00000008   Code   RO          928    .text               c_w.l(ferror.o)
    0x0800967c   0x0000004a   Code   RO          935    .text               c_w.l(sys_stackheap_outer.o)
    0x080096c6   0x0000000c   Code   RO          937    .text               c_w.l(exit.o)
    0x080096d2   0x00000002   PAD
    0x080096d4   0x00000080   Code   RO          939    .text               c_w.l(strcmpv7m.o)
    0x08009754   0x0000000e   Code   RO          821    i._is_digit         c_w.l(__printf_wp.o)
    0x08009762   0x00000002   PAD
    0x08009764   0x0000002c   Code   RO          933    locale$$code        c_w.l(lc_ctype_c.o)
    0x08009790   0x000000c4   Code   RO          851    x$fpl$fadd          fz_ws.l(faddsub_clz.o)
    0x08009854   0x00000184   Code   RO          858    x$fpl$fdiv          fz_ws.l(fdiv.o)
    0x080099d8   0x0000003e   Code   RO          861    x$fpl$ffixu         fz_ws.l(ffixu.o)
    0x08009a16   0x00000002   PAD
    0x08009a18   0x00000026   Code   RO          865    x$fpl$ffltu         fz_ws.l(fflt_clz.o)
    0x08009a3e   0x00000002   PAD
    0x08009a40   0x00000102   Code   RO          871    x$fpl$fmul          fz_ws.l(fmul.o)
    0x08009b42   0x0000008c   Code   RO          896    x$fpl$fnaninf       fz_ws.l(fnaninf.o)
    0x08009bce   0x0000000a   Code   RO          898    x$fpl$fretinf       fz_ws.l(fretinf.o)
    0x08009bd8   0x00000014   Code   RO          852    x$fpl$frsb          fz_ws.l(faddsub_clz.o)
    0x08009bec   0x000000ea   Code   RO          853    x$fpl$fsub          fz_ws.l(faddsub_clz.o)
    0x08009cd6   0x00000000   Code   RO          900    x$fpl$usenofp       fz_ws.l(usenofp.o)
    0x08009cd6   0x00000002   PAD
    0x08009cd8   0x00000060   Data   RO          436    .constdata          analysis.o
    0x08009d38   0x00000100   Data   RO          610    .constdata          os_core.o
    0x08009e38   0x00000028   Data   RO          794    .constdata          c_w.l(_printf_hex_int.o)
    0x08009e60   0x00000011   Data   RO          824    .constdata          c_w.l(__printf_flags_wp.o)
    0x08009e71   0x0000001d   Data   RO          198    .conststring        mc323.o
    0x08009e8e   0x00000002   PAD
    0x08009e90   0x00000020   Data   RO         1064    Region$$Table       anon$$obj.o
    0x08009eb0   0x00000110   Data   RO          932    locale$$data        c_w.l(lc_ctype_c.o)


    Execution Region RW_IRAM1 (Base: 0x20000000, Size: 0x00004758, Max: 0x00005000, ABSOLUTE)

    Base Addr    Size         Type   Attr      Idx    E Section Name        Object

    0x20000000   0x00000014   Data   RW          161    .data               system_stm32f10x.o
    0x20000014   0x00000018   Data   RW          199    .data               mc323.o
    0x2000002c   0x00000002   Data   RW          243    .data               usart2.o
    0x2000002e   0x00000002   Data   RW          280    .data               usart3.o
    0x20000030   0x00000006   Data   RW          356    .data               rc522.o
    0x20000036   0x00000004   Data   RW          374    .data               delay.o
    0x2000003a   0x00000004   Data   RW          390    .data               sys.o
    0x2000003e   0x00000002   PAD
    0x20000040   0x00000008   Data   RW          413    .data               usart.o
    0x20000048   0x00000038   Data   RW          437    .data               analysis.o
    0x20000080   0x00000014   Data   RW          508    .data               stm32f10x_rcc.o
    0x20000094   0x00000060   Data   RW          611    .data               os_core.o
    0x200000f4   0x00000006   Data   RW          740    .data               os_cpu_c.o
    0x200000fa   0x00000002   PAD
    0x200000fc   0x00002600   Zero   RW            2    .bss                main.o
    0x200026fc   0x000000c8   Zero   RW          242    .bss                usart2.o
    0x200027c4   0x00000400   Zero   RW          261    .bss                flash_in.o
    0x20002bc4   0x00000320   Zero   RW          279    .bss                usart3.o
    0x20002ee4   0x0000000a   Zero   RW          298    .bss                adc.o
    0x20002eee   0x00000083   Zero   RW          389    .bss                sys.o
    0x20002f71   0x000000c8   Zero   RW          412    .bss                usart.o
    0x20003039   0x00000003   PAD
    0x2000303c   0x000000bc   Zero   RW          435    .bss                analysis.o
    0x200030f8   0x00001000   Zero   RW          609    .bss                os_core.o
    0x200040f8   0x00000060   Zero   RW          902    .bss                c_w.l(libspace.o)
    0x20004158   0x00000200   Zero   RW          465    HEAP                startup_stm32f10x_md.o
    0x20004358   0x00000400   Zero   RW          464    STACK               startup_stm32f10x_md.o


==============================================================================

Image component sizes


      Code (inc. data)   RO Data    RW Data    ZI Data      Debug   Object Name

       976         32          0          0         10       3447   adc.o
      1620         48         96         56        188       7085   analysis.o
       244         20          0          4          0       1239   delay.o
       324          8          0          0       1024       8942   flash_in.o
      1396        284          0          0       9728     280647   main.o
      2792        528         29         24          0       9303   mc323.o
       220         20          0          0          0       1745   misc.o
      2228        220        256         96       4096      15854   os_core.o
       180         36          0          0          0        300   os_cpu_a.o
       212          4          0          6          0      11678   os_cpu_c.o
      2072         40          0          0          0       6732   os_flag.o
       436         18          0          0          0       2976   os_mem.o
      1512         30          0          0          0       5457   os_q.o
       908         18          0          0          0       3798   os_sem.o
      1996         70          0          0          0       7389   os_task.o
       440         30          0          0          0       1742   os_time.o
      1588         94          0          0          0       5433   os_tmr.o
       272          8          0          0          0       1100   power_drv.o
      2284        126          0          6          0       8070   rc522.o
       216          8          0          0          0        949   spi.o
        64         26        236          0       1536        768   startup_stm32f10x_md.o
      1102         26          0          0          0      10777   stm32f10x_adc.o
      1468         34          0          0          0       7978   stm32f10x_flash.o
       856         40          0          0          0       5589   stm32f10x_gpio.o
        18          0          0          0          0        865   stm32f10x_it.o
        64          6          0          0          0       1237   stm32f10x_iwdg.o
       932         44          0         20          0       8732   stm32f10x_rcc.o
       780         14          0          0          0       6470   stm32f10x_spi.o
      3610         88          0          0          0      22072   stm32f10x_tim.o
      1032         22          0          0          0       8316   stm32f10x_usart.o
      1176        254          0          4        131       6700   sys.o
       476         36          0         20          0       1659   system_stm32f10x.o
      1240        332          0          8        200       4435   usart.o
       792         36          0          2        200       3048   usart2.o
       728         48          0          2        800       3240   usart3.o
        44          0          0          0          0        618   whg.o

    ----------------------------------------------------------------------
     36304       2648        651        252      17916     476390   Object Totals
         0          0         32          0          0          0   (incl. Generated)
         6          0          2          4          3          0   (incl. Padding)

    ----------------------------------------------------------------------

      Code (inc. data)   RO Data    RW Data    ZI Data      Debug   Library Member Name

         8          0          0          0          0         68   __main.o
       316          6         17          0          0         92   __printf_flags_wp.o
        14          0          0          0          0         68   __printf_wp.o
        52          8          0          0          0          0   __scatter.o
        26          0          0          0          0          0   __scatter_copy.o
        28          0          0          0          0          0   __scatter_zi.o
        28          0          0          0          0         68   _chval.o
        44          0          0          0          0        108   _printf_char.o
        48          6          0          0          0         96   _printf_char_common.o
        36          4          0          0          0         80   _printf_char_file.o
         6          0          0          0          0          0   _printf_d.o
       120         18          0          0          0         92   _printf_dec.o
        92          4         40          0          0         88   _printf_hex_int.o
       184          0          0          0          0         88   _printf_intcommon.o
        82          0          0          0          0        108   _printf_pad.o
         0          0          0          0          0          0   _printf_percent.o
         4          0          0          0          0          0   _printf_percent_end.o
         6          0          0          0          0          0   _printf_s.o
        82          0          0          0          0         80   _printf_str.o
         6          0          0          0          0          0   _printf_x.o
        10          0          0          0          0         68   _sputc.o
       158          0          0          0          0         92   _strtoul.o
        12          0          0          0          0         72   exit.o
         8          0          0          0          0         68   ferror.o
         6          0          0          0          0        152   heapauxi.o
        44         10        272          0          0         76   lc_ctype_c.o
         2          0          0          0          0          0   libinit.o
        20          0          0          0          0          0   libinit2.o
         2          0          0          0          0          0   libshutdown.o
         2          0          0          0          0          0   libshutdown2.o
         8          4          0          0         96         68   libspace.o
        24          4          0          0          0         84   noretval__2printf.o
        40          6          0          0          0         84   noretval__2sprintf.o
        16          4          0          0          0         76   rt_ctype_table.o
         8          4          0          0          0         68   rt_errno_addr_intlibspace.o
         8          4          0          0          0         68   rt_locale_intlibspace.o
        78          0          0          0          0         80   rt_memclr_w.o
       100          0          0          0          0         80   rt_memcpy_w.o
         0          0          0          0          0          0   rtentry.o
        12          0          0          0          0          0   rtentry2.o
         6          0          0          0          0          0   rtentry4.o
         2          0          0          0          0          0   rtexit.o
        10          0          0          0          0          0   rtexit2.o
       128          0          0          0          0         68   strcmpv7m.o
        72          0          0          0          0         80   strcpy.o
        62          0          0          0          0         76   strlen.o
        36          0          0          0          0         80   strstr.o
       112          0          0          0          0         88   strtol.o
        74          0          0          0          0         80   sys_stackheap_outer.o
         2          0          0          0          0         68   use_no_semi.o
         2          0          0          0          0         68   use_no_semi_2.o
       450          8          0          0          0        236   faddsub_clz.o
       388         76          0          0          0         96   fdiv.o
        62          4          0          0          0         84   ffixu.o
        38          0          0          0          0         68   fflt_clz.o
       258          4          0          0          0         84   fmul.o
       140          4          0          0          0         84   fnaninf.o
        10          0          0          0          0         68   fretinf.o
         0          0          0          0          0          0   usenofp.o

    ----------------------------------------------------------------------
      3612        178        329          0         96       3500   Library Totals
        20          0          0          0          0          0   (incl. Padding)

    ----------------------------------------------------------------------

      Code (inc. data)   RO Data    RW Data    ZI Data      Debug   Library Name

      2246         82        329          0         96       2780   c_w.l
      1346         96          0          0          0        720   fz_ws.l

    ----------------------------------------------------------------------
      3612        178        329          0         96       3500   Library Totals

    ----------------------------------------------------------------------

==============================================================================


      Code (inc. data)   RO Data    RW Data    ZI Data      Debug   

     39916       2826        980        252      18012     474274   Grand Totals
     39916       2826        980        252      18012     474274   ELF Image Totals
     39916       2826        980        252          0          0   ROM Totals

==============================================================================

    Total RO  Size (Code + RO Data)                40896 (  39.94kB)
    Total RW  Size (RW Data + ZI Data)             18264 (  17.84kB)
    Total ROM Size (Code + RO Data + RW Data)      41148 (  40.18kB)

==============================================================================

